Archive member included to satisfy reference by file (symbol)

C:/ST/STM32CubeIDE_1.19.0/STM32CubeIDE/plugins/com.st.stm32cube.ide.mcu.externaltools.gnu-tools-for-stm32.13.3.rel1.win32_1.0.0.202411081344/tools/bin/../lib/gcc/arm-none-eabi/13.3.1/../../../../arm-none-eabi/lib/thumb/v7e-m+dp/hard\libc_nano.a(libc_a-exit.o)
                              C:/ST/STM32CubeIDE_1.19.0/STM32CubeIDE/plugins/com.st.stm32cube.ide.mcu.externaltools.gnu-tools-for-stm32.13.3.rel1.win32_1.0.0.202411081344/tools/bin/../lib/gcc/arm-none-eabi/13.3.1/../../../../arm-none-eabi/lib/thumb/v7e-m+dp/hard/crt0.o (exit)
C:/ST/STM32CubeIDE_1.19.0/STM32CubeIDE/plugins/com.st.stm32cube.ide.mcu.externaltools.gnu-tools-for-stm32.13.3.rel1.win32_1.0.0.202411081344/tools/bin/../lib/gcc/arm-none-eabi/13.3.1/../../../../arm-none-eabi/lib/thumb/v7e-m+dp/hard\libc_nano.a(libc_a-findfp.o)
                              ./Middlewares/Third_Party/FreeRTOS/Source/tasks.o (__sf)
C:/ST/STM32CubeIDE_1.19.0/STM32CubeIDE/plugins/com.st.stm32cube.ide.mcu.externaltools.gnu-tools-for-stm32.13.3.rel1.win32_1.0.0.202411081344/tools/bin/../lib/gcc/arm-none-eabi/13.3.1/../../../../arm-none-eabi/lib/thumb/v7e-m+dp/hard\libc_nano.a(libc_a-fwalk.o)
                              C:/ST/STM32CubeIDE_1.19.0/STM32CubeIDE/plugins/com.st.stm32cube.ide.mcu.externaltools.gnu-tools-for-stm32.13.3.rel1.win32_1.0.0.202411081344/tools/bin/../lib/gcc/arm-none-eabi/13.3.1/../../../../arm-none-eabi/lib/thumb/v7e-m+dp/hard\libc_nano.a(libc_a-findfp.o) (_fwalk_sglue)
C:/ST/STM32CubeIDE_1.19.0/STM32CubeIDE/plugins/com.st.stm32cube.ide.mcu.externaltools.gnu-tools-for-stm32.13.3.rel1.win32_1.0.0.202411081344/tools/bin/../lib/gcc/arm-none-eabi/13.3.1/../../../../arm-none-eabi/lib/thumb/v7e-m+dp/hard\libc_nano.a(libc_a-puts.o)
                              ./Core/Src/main.o (puts)
C:/ST/STM32CubeIDE_1.19.0/STM32CubeIDE/plugins/com.st.stm32cube.ide.mcu.externaltools.gnu-tools-for-stm32.13.3.rel1.win32_1.0.0.202411081344/tools/bin/../lib/gcc/arm-none-eabi/13.3.1/../../../../arm-none-eabi/lib/thumb/v7e-m+dp/hard\libc_nano.a(libc_a-stdio.o)
                              C:/ST/STM32CubeIDE_1.19.0/STM32CubeIDE/plugins/com.st.stm32cube.ide.mcu.externaltools.gnu-tools-for-stm32.13.3.rel1.win32_1.0.0.202411081344/tools/bin/../lib/gcc/arm-none-eabi/13.3.1/../../../../arm-none-eabi/lib/thumb/v7e-m+dp/hard\libc_nano.a(libc_a-findfp.o) (__sread)
C:/ST/STM32CubeIDE_1.19.0/STM32CubeIDE/plugins/com.st.stm32cube.ide.mcu.externaltools.gnu-tools-for-stm32.13.3.rel1.win32_1.0.0.202411081344/tools/bin/../lib/gcc/arm-none-eabi/13.3.1/../../../../arm-none-eabi/lib/thumb/v7e-m+dp/hard\libc_nano.a(libc_a-vsnprintf.o)
                              ./Service/Src/DebugService.o (vsnprintf)
C:/ST/STM32CubeIDE_1.19.0/STM32CubeIDE/plugins/com.st.stm32cube.ide.mcu.externaltools.gnu-tools-for-stm32.13.3.rel1.win32_1.0.0.202411081344/tools/bin/../lib/gcc/arm-none-eabi/13.3.1/../../../../arm-none-eabi/lib/thumb/v7e-m+dp/hard\libc_nano.a(libc_a-wbuf.o)
                              C:/ST/STM32CubeIDE_1.19.0/STM32CubeIDE/plugins/com.st.stm32cube.ide.mcu.externaltools.gnu-tools-for-stm32.13.3.rel1.win32_1.0.0.202411081344/tools/bin/../lib/gcc/arm-none-eabi/13.3.1/../../../../arm-none-eabi/lib/thumb/v7e-m+dp/hard\libc_nano.a(libc_a-puts.o) (__swbuf_r)
C:/ST/STM32CubeIDE_1.19.0/STM32CubeIDE/plugins/com.st.stm32cube.ide.mcu.externaltools.gnu-tools-for-stm32.13.3.rel1.win32_1.0.0.202411081344/tools/bin/../lib/gcc/arm-none-eabi/13.3.1/../../../../arm-none-eabi/lib/thumb/v7e-m+dp/hard\libc_nano.a(libc_a-wsetup.o)
                              C:/ST/STM32CubeIDE_1.19.0/STM32CubeIDE/plugins/com.st.stm32cube.ide.mcu.externaltools.gnu-tools-for-stm32.13.3.rel1.win32_1.0.0.202411081344/tools/bin/../lib/gcc/arm-none-eabi/13.3.1/../../../../arm-none-eabi/lib/thumb/v7e-m+dp/hard\libc_nano.a(libc_a-puts.o) (__swsetup_r)
C:/ST/STM32CubeIDE_1.19.0/STM32CubeIDE/plugins/com.st.stm32cube.ide.mcu.externaltools.gnu-tools-for-stm32.13.3.rel1.win32_1.0.0.202411081344/tools/bin/../lib/gcc/arm-none-eabi/13.3.1/../../../../arm-none-eabi/lib/thumb/v7e-m+dp/hard\libc_nano.a(libc_a-memset.o)
                              C:/ST/STM32CubeIDE_1.19.0/STM32CubeIDE/plugins/com.st.stm32cube.ide.mcu.externaltools.gnu-tools-for-stm32.13.3.rel1.win32_1.0.0.202411081344/tools/bin/../lib/gcc/arm-none-eabi/13.3.1/../../../../arm-none-eabi/lib/thumb/v7e-m+dp/hard/crt0.o (memset)
C:/ST/STM32CubeIDE_1.19.0/STM32CubeIDE/plugins/com.st.stm32cube.ide.mcu.externaltools.gnu-tools-for-stm32.13.3.rel1.win32_1.0.0.202411081344/tools/bin/../lib/gcc/arm-none-eabi/13.3.1/../../../../arm-none-eabi/lib/thumb/v7e-m+dp/hard\libc_nano.a(libc_a-closer.o)
                              C:/ST/STM32CubeIDE_1.19.0/STM32CubeIDE/plugins/com.st.stm32cube.ide.mcu.externaltools.gnu-tools-for-stm32.13.3.rel1.win32_1.0.0.202411081344/tools/bin/../lib/gcc/arm-none-eabi/13.3.1/../../../../arm-none-eabi/lib/thumb/v7e-m+dp/hard\libc_nano.a(libc_a-stdio.o) (_close_r)
[...]
Memory Configuration

Name             Origin             Length             Attributes
ITCMRAM          0x00000000         0x00010000         xrw
DTCMRAM          0x20000000         0x00020000         xrw
FLASH            0x08000000         0x00100000         xr
RAM_D1           0x24000000         0x00050000         xrw
RAM_D2           0x30000000         0x00008000         xrw
RAM_D3           0x38000000         0x00004000         xrw
*default*        0x00000000         0xffffffff

Linker script and memory map

LOAD C:/ST/STM32CubeIDE_1.19.0/STM32CubeIDE/plugins/com.st.stm32cube.ide.mcu.externaltools.gnu-tools-for-stm32.13.3.rel1.win32_1.0.0.202411081344/tools/bin/../lib/gcc/arm-none-eabi/13.3.1/thumb/v7e-m+dp/hard/crti.o
LOAD C:/ST/STM32CubeIDE_1.19.0/STM32CubeIDE/plugins/com.st.stm32cube.ide.mcu.externaltools.gnu-tools-for-stm32.13.3.rel1.win32_1.0.0.202411081344/tools/bin/../lib/gcc/arm-none-eabi/13.3.1/thumb/v7e-m+dp/hard/crtbegin.o
LOAD C:/ST/STM32CubeIDE_1.19.0/STM32CubeIDE/plugins/com.st.stm32cube.ide.mcu.externaltools.gnu-tools-for-stm32.13.3.rel1.win32_1.0.0.202411081344/tools/bin/../lib/gcc/arm-none-eabi/13.3.1/../../../../arm-none-eabi/lib/thumb/v7e-m+dp/hard/crt0.o
LOAD ./App/Src/SensorHealthService.o
LOAD ./App/Src/SystemStatusService.o
LOAD ./App/Src/WarningConfigService.o
LOAD ./BSP/Src/BuzzerService.o
LOAD ./Core/Src/dma.o
LOAD ./Core/Src/freertos.o
LOAD ./Core/Src/gpio.o
LOAD ./Core/Src/i2c.o
LOAD ./Core/Src/main.o
LOAD ./Core/Src/stm32h7xx_hal_msp.o
LOAD ./Core/Src/stm32h7xx_hal_timebase_tim.o
LOAD ./Core/Src/stm32h7xx_it.o
LOAD ./Core/Src/syscalls.o
LOAD ./Core/Src/sysmem.o
LOAD ./Core/Src/system_stm32h7xx.o
LOAD ./Core/Src/usart.o
LOAD ./Core/Startup/startup_stm32h735igkx.o
LOAD ./Drivers/STM32H7xx_HAL_Driver/Src/stm32h7xx_hal.o
LOAD ./Drivers/STM32H7xx_HAL_Driver/Src/stm32h7xx_hal_cortex.o
LOAD ./Drivers/STM32H7xx_HAL_Driver/Src/stm32h7xx_hal_dma.o
LOAD ./Drivers/STM32H7xx_HAL_Driver/Src/stm32h7xx_hal_dma_ex.o
LOAD ./Drivers/STM32H7xx_HAL_Driver/Src/stm32h7xx_hal_exti.o
LOAD ./Drivers/STM32H7xx_HAL_Driver/Src/stm32h7xx_hal_flash.o
LOAD ./Drivers/STM32H7xx_HAL_Driver/Src/stm32h7xx_hal_flash_ex.o
LOAD ./Drivers/STM32H7xx_HAL_Driver/Src/stm32h7xx_hal_gpio.o
LOAD ./Drivers/STM32H7xx_HAL_Driver/Src/stm32h7xx_hal_hsem.o
LOAD ./Drivers/STM32H7xx_HAL_Driver/Src/stm32h7xx_hal_i2c.o
LOAD ./Drivers/STM32H7xx_HAL_Driver/Src/stm32h7xx_hal_i2c_ex.o
LOAD ./Drivers/STM32H7xx_HAL_Driver/Src/stm32h7xx_hal_mdma.o
LOAD ./Drivers/STM32H7xx_HAL_Driver/Src/stm32h7xx_hal_pwr.o
LOAD ./Drivers/STM32H7xx_HAL_Driver/Src/stm32h7xx_hal_pwr_ex.o
LOAD ./Drivers/STM32H7xx_HAL_Driver/Src/stm32h7xx_hal_rcc.o
LOAD ./Drivers/STM32H7xx_HAL_Driver/Src/stm32h7xx_hal_rcc_ex.o
LOAD ./Drivers/STM32H7xx_HAL_Driver/Src/stm32h7xx_hal_tim.o
LOAD ./Drivers/STM32H7xx_HAL_Driver/Src/stm32h7xx_hal_tim_ex.o
LOAD ./Drivers/STM32H7xx_HAL_Driver/Src/stm32h7xx_hal_uart.o
LOAD ./Drivers/STM32H7xx_HAL_Driver/Src/stm32h7xx_hal_uart_ex.o
LOAD ./Middlewares/Third_Party/FreeRTOS/Source/CMSIS_RTOS_V2/cmsis_os2.o
LOAD ./Middlewares/Third_Party/FreeRTOS/Source/croutine.o
LOAD ./Middlewares/Third_Party/FreeRTOS/Source/event_groups.o
LOAD ./Middlewares/Third_Party/FreeRTOS/Source/list.o
LOAD ./Middlewares/Third_Party/FreeRTOS/Source/queue.o
LOAD ./Middlewares/Third_Party/FreeRTOS/Source/stream_buffer.o
LOAD ./Middlewares/Third_Party/FreeRTOS/Source/tasks.o
LOAD ./Middlewares/Third_Party/FreeRTOS/Source/timers.o
LOAD ./Middlewares/Third_Party/FreeRTOS/Source/portable/GCC/ARM_CM4F/port.o
LOAD ./Middlewares/Third_Party/FreeRTOS/Source/portable/MemMang/heap_4.o
LOAD ./Platform/Src/UartDma.o
LOAD ./Platform/Src/UartStatusService.o
LOAD ./Service/Src/CliServices.o
LOAD ./Service/Src/ControlCommandService.o
LOAD ./Service/Src/DebugControlService.o
LOAD ./Service/Src/DebugService.o
LOAD ./Service/Src/QueueStatusService.o
LOAD ./Service/Src/RingBuffer.o
LOAD ./Service/Src/SystemHealthService.o
LOAD ./Service/Src/TaskMonitorService.o
LOAD ./VL53L1X ToF/Src/VL53L1X_api.o
LOAD ./VL53L1X ToF/Src/VL53L1X_calibration.o
LOAD ./VL53L1X ToF/Src/VL53L1_platform.o
START GROUP
LOAD C:/ST/STM32CubeIDE_1.19.0/STM32CubeIDE/plugins/com.st.stm32cube.ide.mcu.externaltools.gnu-tools-for-stm32.13.3.rel1.win32_1.0.0.202411081344/tools/bin/../lib/gcc/arm-none-eabi/13.3.1/../../../../arm-none-eabi/lib/thumb/v7e-m+dp/hard\libc_nano.a
LOAD C:/ST/STM32CubeIDE_1.19.0/STM32CubeIDE/plugins/com.st.stm32cube.ide.mcu.externaltools.gnu-tools-for-stm32.13.3.rel1.win32_1.0.0.202411081344/tools/bin/../lib/gcc/arm-none-eabi/13.3.1/../../../../arm-none-eabi/lib/thumb/v7e-m+dp/hard\libm.a
END GROUP
START GROUP
LOAD C:/ST/STM32CubeIDE_1.19.0/STM32CubeIDE/plugins/com.st.stm32cube.ide.mcu.externaltools.gnu-tools-for-stm32.13.3.rel1.win32_1.0.0.202411081344/tools/bin/../lib/gcc/arm-none-eabi/13.3.1/thumb/v7e-m+dp/hard\libgcc.a
LOAD C:/ST/STM32CubeIDE_1.19.0/STM32CubeIDE/plugins/com.st.stm32cube.ide.mcu.externaltools.gnu-tools-for-stm32.13.3.rel1.win32_1.0.0.202411081344/tools/bin/../lib/gcc/arm-none-eabi/13.3.1/../../../../arm-none-eabi/lib/thumb/v7e-m+dp/hard\libc_nano.a
END GROUP
START GROUP
LOAD C:/ST/STM32CubeIDE_1.19.0/STM32CubeIDE/plugins/com.st.stm32cube.ide.mcu.externaltools.gnu-tools-for-stm32.13.3.rel1.win32_1.0.0.202411081344/tools/bin/../lib/gcc/arm-none-eabi/13.3.1/thumb/v7e-m+dp/hard\libgcc.a
LOAD C:/ST/STM32CubeIDE_1.19.0/STM32CubeIDE/plugins/com.st.stm32cube.ide.mcu.externaltools.gnu-tools-for-stm32.13.3.rel1.win32_1.0.0.202411081344/tools/bin/../lib/gcc/arm-none-eabi/13.3.1/../../../../arm-none-eabi/lib/thumb/v7e-m+dp/hard\libc_nano.a
LOAD C:/ST/STM32CubeIDE_1.19.0/STM32CubeIDE/plugins/com.st.stm32cube.ide.mcu.externaltools.gnu-tools-for-stm32.13.3.rel1.win32_1.0.0.202411081344/tools/bin/../lib/gcc/arm-none-eabi/13.3.1/../../../../arm-none-eabi/lib/thumb/v7e-m+dp/hard\libnosys.a
END GROUP
START GROUP
LOAD C:/ST/STM32CubeIDE_1.19.0/STM32CubeIDE/plugins/com.st.stm32cube.ide.mcu.externaltools.gnu-tools-for-stm32.13.3.rel1.win32_1.0.0.202411081344/tools/bin/../lib/gcc/arm-none-eabi/13.3.1/thumb/v7e-m+dp/hard\libgcc.a
LOAD C:/ST/STM32CubeIDE_1.19.0/STM32CubeIDE/plugins/com.st.stm32cube.ide.mcu.externaltools.gnu-tools-for-stm32.13.3.rel1.win32_1.0.0.202411081344/tools/bin/../lib/gcc/arm-none-eabi/13.3.1/../../../../arm-none-eabi/lib/thumb/v7e-m+dp/hard\libc_nano.a
LOAD C:/ST/STM32CubeIDE_1.19.0/STM32CubeIDE/plugins/com.st.stm32cube.ide.mcu.externaltools.gnu-tools-for-stm32.13.3.rel1.win32_1.0.0.202411081344/tools/bin/../lib/gcc/arm-none-eabi/13.3.1/../../../../arm-none-eabi/lib/thumb/v7e-m+dp/hard\libnosys.a
END GROUP
LOAD C:/ST/STM32CubeIDE_1.19.0/STM32CubeIDE/plugins/com.st.stm32cube.ide.mcu.externaltools.gnu-tools-for-stm32.13.3.rel1.win32_1.0.0.202411081344/tools/bin/../lib/gcc/arm-none-eabi/13.3.1/thumb/v7e-m+dp/hard/crtend.o
LOAD C:/ST/STM32CubeIDE_1.19.0/STM32CubeIDE/plugins/com.st.stm32cube.ide.mcu.externaltools.gnu-tools-for-stm32.13.3.rel1.win32_1.0.0.202411081344/tools/bin/../lib/gcc/arm-none-eabi/13.3.1/thumb/v7e-m+dp/hard/crtn.o
                0x24050000                        _estack = (ORIGIN (RAM_D1) + LENGTH (RAM_D1))
                0x00000200                        _Min_Heap_Size = 0x200
                0x00000400                        _Min_Stack_Size = 0x400

.isr_vector     0x08000000      0x2cc
                0x08000000                        . = ALIGN (0x4)
 *(.isr_vector)
 .isr_vector    0x08000000      0x2cc ./Core/Startup/startup_stm32h735igkx.o
                0x08000000                g_pfnVectors
                0x080002cc                        . = ALIGN (0x4)

.text           0x080002d0    0x12ee0
                0x080002d0                        . = ALIGN (0x4)
 *(.text)
 .text          0x080002d0       0x40 C:/ST/STM32CubeIDE_1.19.0/STM32CubeIDE/plugins/com.st.stm32cube.ide.mcu.externaltools.gnu-tools-for-stm32.13.3.rel1.win32_1.0.0.202411081344/tools/bin/../lib/gcc/arm-none-eabi/13.3.1/thumb/v7e-m+dp/hard/crtbegin.o
 .text          0x08000310       0x14 C:/ST/STM32CubeIDE_1.19.0/STM32CubeIDE/plugins/com.st.stm32cube.ide.mcu.externaltools.gnu-tools-for-stm32.13.3.rel1.win32_1.0.0.202411081344/tools/bin/../lib/gcc/arm-none-eabi/13.3.1/../../../../arm-none-eabi/lib/thumb/v7e-m+dp/hard\libc_nano.a(libc_a-strcmp.o)
                0x08000310                strcmp
 *fill*         0x08000324        0xc 
 .text          0x08000330       0xa0 C:/ST/STM32CubeIDE_1.19.0/STM32CubeIDE/plugins/com.st.stm32cube.ide.mcu.externaltools.gnu-tools-for-stm32.13.3.rel1.win32_1.0.0.202411081344/tools/bin/../lib/gcc/arm-none-eabi/13.3.1/../../../../arm-none-eabi/lib/thumb/v7e-m+dp/hard\libc_nano.a(libc_a-memchr.o)
                0x08000330                memchr
 .text          0x080003d0       0x30 C:/ST/STM32CubeIDE_1.19.0/STM32CubeIDE/plugins/com.st.stm32cube.ide.mcu.externaltools.gnu-tools-for-stm32.13.3.rel1.win32_1.0.0.202411081344/tools/bin/../lib/gcc/arm-none-eabi/13.3.1/thumb/v7e-m+dp/hard\libgcc.a(_aeabi_uldivmod.o)
                0x080003d0                __aeabi_uldivmod
 .text          0x08000400      0x2f8 C:/ST/STM32CubeIDE_1.19.0/STM32CubeIDE/plugins/com.st.stm32cube.ide.mcu.externaltools.gnu-tools-for-stm32.13.3.rel1.win32_1.0.0.202411081344/tools/bin/../lib/gcc/arm-none-eabi/13.3.1/thumb/v7e-m+dp/hard\libgcc.a(_udivmoddi4.o)
                0x08000400                __udivmoddi4
 .text          0x080006f8        0x4 C:/ST/STM32CubeIDE_1.19.0/STM32CubeIDE/plugins/com.st.stm32cube.ide.mcu.externaltools.gnu-tools-for-stm32.13.3.rel1.win32_1.0.0.202411081344/tools/bin/../lib/gcc/arm-none-eabi/13.3.1/thumb/v7e-m+dp/hard\libgcc.a(_dvmd_tls.o)
                0x080006f8                __aeabi_idiv0
                0x080006f8                __aeabi_ldiv0
 *(.text*)
 .text.SensorHealth_GetTickSafe
                0x080006fc       0x20 ./App/Src/SensorHealthService.o
 .text.SensorHealth_Init
                0x0800071c       0x54 ./App/Src/SensorHealthService.o
                0x0800071c                SensorHealth_Init
 .text.SensorHealth_SetState
                0x08000770       0x20 ./App/Src/SensorHealthService.o
                0x08000770                SensorHealth_SetState
 .text.SensorHealth_ReportSuccess
                0x08000790       0x2c ./App/Src/SensorHealthService.o
                0x08000790                SensorHealth_ReportSuccess
 .text.SensorHealth_ReportError
                0x080007bc       0x50 ./App/Src/SensorHealthService.o
                0x080007bc                SensorHealth_ReportError
 .text.SensorHealth_ReportRetry
                0x0800080c       0x28 ./App/Src/SensorHealthService.o
                0x0800080c                SensorHealth_ReportRetry
 .text.SensorHealth_SetOffline
                0x08000834       0x18 ./App/Src/SensorHealthService.o
                0x08000834                SensorHealth_SetOffline
 .text.SensorHealth_GetConsecutiveErrorCount
                0x0800084c       0x18 ./App/Src/SensorHealthService.o
                0x0800084c                SensorHealth_GetConsecutiveErrorCount
 .text.SensorHealth_GetSnapshot
                0x08000864       0x78 ./App/Src/SensorHealthService.o
                0x08000864                SensorHealth_GetSnapshot
 .text.SensorHealth_StateToString
                0x080008dc       0x68 ./App/Src/SensorHealthService.o
                0x080008dc                SensorHealth_StateToString
 .text.SensorHealth_ErrorToString
                0x08000944       0x8c ./App/Src/SensorHealthService.o
                0x08000944                SensorHealth_ErrorToString
 .text.SystemStatus_Init
                0x080009d0       0x30 ./App/Src/SystemStatusService.o
                0x080009d0                SystemStatus_Init
 .text.SystemStatus_UpdateDistance
                0x08000a00       0x30 ./App/Src/SystemStatusService.o
                0x08000a00                SystemStatus_UpdateDistance
 .text.SystemStatus_UpdateWarningLevel
                0x08000a30       0x30 ./App/Src/SystemStatusService.o
                0x08000a30                SystemStatus_UpdateWarningLevel
 .text.SystemStatus_UpdateBuzzerState
                0x08000a60       0x24 ./App/Src/SystemStatusService.o
                0x08000a60                SystemStatus_UpdateBuzzerState
 .text.SystemStatus_GetSnapshot
                0x08000a84       0x34 ./App/Src/SystemStatusService.o
                0x08000a84                SystemStatus_GetSnapshot
 .text.SystemStatus_WarningLevelToString
                0x08000ab8       0x68 ./App/Src/SystemStatusService.o
                0x08000ab8                SystemStatus_WarningLevelToString
 .text.WarningConfig_Init
                0x08000b20       0x40 ./App/Src/WarningConfigService.o
                0x08000b20                WarningConfig_Init
 .text.WarningConfig_GetThresholdSnapshot
                0x08000b60       0x34 ./App/Src/WarningConfigService.o
                0x08000b60                WarningConfig_GetThresholdSnapshot
 .text.WarningConfig_GetCautionEnterMm
                0x08000b94       0x18 ./App/Src/WarningConfigService.o
                0x08000b94                WarningConfig_GetCautionEnterMm
 .text.WarningConfig_GetCautionExitMm
                0x08000bac       0x18 ./App/Src/WarningConfigService.o
                0x08000bac                WarningConfig_GetCautionExitMm
 .text.WarningConfig_GetWarningEnterMm
                0x08000bc4       0x18 ./App/Src/WarningConfigService.o
                0x08000bc4                WarningConfig_GetWarningEnterMm
 .text.WarningConfig_GetWarningExitMm
                0x08000bdc       0x18 ./App/Src/WarningConfigService.o
                0x08000bdc                WarningConfig_GetWarningExitMm
 .text.WarningConfig_GetDangerEnterMm
                0x08000bf4       0x18 ./App/Src/WarningConfigService.o
                0x08000bf4                WarningConfig_GetDangerEnterMm
 .text.WarningConfig_GetDangerExitMm
                0x08000c0c       0x18 ./App/Src/WarningConfigService.o
                0x08000c0c                WarningConfig_GetDangerExitMm
 .text.Buzzer_On
                0x08000c24       0x18 ./BSP/Src/BuzzerService.o
                0x08000c24                Buzzer_On
 .text.Buzzer_Off
                0x08000c3c       0x18 ./BSP/Src/BuzzerService.o
                0x08000c3c                Buzzer_Off
 .text.MX_DMA_Init
                0x08000c54       0x50 ./Core/Src/dma.o
                0x08000c54                MX_DMA_Init
 .text.MX_FREERTOS_Init
                0x08000ca4      0x110 ./Core/Src/freertos.o
                0x08000ca4                MX_FREERTOS_Init
 .text.StartDefaultTask
                0x08000db4       0x10 ./Core/Src/freertos.o
                0x08000db4                StartDefaultTask
 .text.StartSensorTask
                0x08000dc4      0x454 ./Core/Src/freertos.o
                0x08000dc4                StartSensorTask
 .text.WarningTask_LogThrottled
                0x08001218       0x64 ./Core/Src/freertos.o
 .text.StartWarningTask
                0x0800127c      0x450 ./Core/Src/freertos.o
                0x0800127c                StartWarningTask
 .text.WarningTask_ConvertToSystemLevel
                0x080016cc       0x54 ./Core/Src/freertos.o
 .text.StartCommunicationTask
                0x08001720       0x6c ./Core/Src/freertos.o
                0x08001720                StartCommunicationTask
 .text.Communication_UART_RxStart
                0x0800178c      0x194 ./Core/Src/freertos.o
 .text.HAL_UARTEx_RxEventCallback
                0x08001920       0xe4 ./Core/Src/freertos.o
                0x08001920                HAL_UARTEx_RxEventCallback
 .text.Communication_ReadLine
                0x08001a04       0xa0 ./Core/Src/freertos.o
 .text.SensorTask_LogErrorThrottled
                0x08001aa4       0x74 ./Core/Src/freertos.o
 .text.SensorTask_LogReconnectTryThrottled
                0x08001b18       0x64 ./Core/Src/freertos.o
 .text.SensorTask_LogReconnectFailThrottled
                0x08001b7c       0x8c ./Core/Src/freertos.o
 .text.SensorTask_ResetReconnectLogThrottle
                0x08001c08       0x24 ./Core/Src/freertos.o
 .text.SensorTask_TryReconnect
                0x08001c2c      0x20c ./Core/Src/freertos.o
 .text.SensorTask_HandleSensorError
                0x08001e38       0x54 ./Core/Src/freertos.o
 .text.MX_GPIO_Init
                0x08001e8c      0x884 ./Core/Src/gpio.o
                0x08001e8c                MX_GPIO_Init
 .text.MX_I2C4_Init
                0x08002710       0x80 ./Core/Src/i2c.o
                0x08002710                MX_I2C4_Init
 .text.HAL_I2C_MspInit
                0x08002790       0xd4 ./Core/Src/i2c.o
                0x08002790                HAL_I2C_MspInit
 .text.main     0x08002864      0x11c ./Core/Src/main.o
                0x08002864                main
 .text.SystemClock_Config
                0x08002980       0xdc ./Core/Src/main.o
                0x08002980                SystemClock_Config
 .text._write   0x08002a5c       0x2c ./Core/Src/main.o
                0x08002a5c                _write
 .text.HAL_GPIO_EXTI_Callback
                0x08002a88       0x48 ./Core/Src/main.o
                0x08002a88                HAL_GPIO_EXTI_Callback
 .text.HAL_TIM_PeriodElapsedCallback
                0x08002ad0       0x24 ./Core/Src/main.o
                0x08002ad0                HAL_TIM_PeriodElapsedCallback
 .text.Error_Handler
                0x08002af4        0xc ./Core/Src/main.o
                0x08002af4                Error_Handler
 .text.HAL_MspInit
                0x08002b00       0x3c ./Core/Src/stm32h7xx_hal_msp.o
                0x08002b00                HAL_MspInit
 .text.HAL_InitTick
                0x08002b3c       0xd8 ./Core/Src/stm32h7xx_hal_timebase_tim.o
                0x08002b3c                HAL_InitTick
 .text.NMI_Handler
                0x08002c14        0x8 ./Core/Src/stm32h7xx_it.o
                0x08002c14                NMI_Handler
 .text.HardFault_Handler
                0x08002c1c        0x8 ./Core/Src/stm32h7xx_it.o
                0x08002c1c                HardFault_Handler
 .text.MemManage_Handler
                0x08002c24        0x8 ./Core/Src/stm32h7xx_it.o
                0x08002c24                MemManage_Handler
 .text.BusFault_Handler
                0x08002c2c        0x8 ./Core/Src/stm32h7xx_it.o
                0x08002c2c                BusFault_Handler
 .text.UsageFault_Handler
                0x08002c34        0x8 ./Core/Src/stm32h7xx_it.o
                0x08002c34                UsageFault_Handler
 .text.DebugMon_Handler
                0x08002c3c        0xe ./Core/Src/stm32h7xx_it.o
                0x08002c3c                DebugMon_Handler
 .text.EXTI3_IRQHandler
                0x08002c4a        0xe ./Core/Src/stm32h7xx_it.o
                0x08002c4a                EXTI3_IRQHandler
 .text.DMA1_Stream0_IRQHandler
                0x08002c58       0x14 ./Core/Src/stm32h7xx_it.o
                0x08002c58                DMA1_Stream0_IRQHandler
 .text.DMA1_Stream1_IRQHandler
                0x08002c6c       0x14 ./Core/Src/stm32h7xx_it.o
                0x08002c6c                DMA1_Stream1_IRQHandler
 .text.USART3_IRQHandler
                0x08002c80       0x14 ./Core/Src/stm32h7xx_it.o
                0x08002c80                USART3_IRQHandler
 .text.TIM6_DAC_IRQHandler
                0x08002c94       0x14 ./Core/Src/stm32h7xx_it.o
                0x08002c94                TIM6_DAC_IRQHandler
 .text._read    0x08002ca8       0x3a ./Core/Src/syscalls.o
                0x08002ca8                _read
 .text._close   0x08002ce2       0x18 ./Core/Src/syscalls.o
                0x08002ce2                _close
 .text._fstat   0x08002cfa       0x20 ./Core/Src/syscalls.o
                0x08002cfa                _fstat
 .text._isatty  0x08002d1a       0x16 ./Core/Src/syscalls.o
                0x08002d1a                _isatty
 .text._lseek   0x08002d30       0x1a ./Core/Src/syscalls.o
                0x08002d30                _lseek
 *fill*         0x08002d4a        0x2 
 .text._sbrk    0x08002d4c       0x6c ./Core/Src/sysmem.o
                0x08002d4c                _sbrk
 .text.SystemInit
                0x08002db8      0x120 ./Core/Src/system_stm32h7xx.o
                0x08002db8                SystemInit
 .text.ExitRun0Mode
                0x08002ed8       0x30 ./Core/Src/system_stm32h7xx.o
                0x08002ed8                ExitRun0Mode
 .text.MX_USART3_UART_Init
                0x08002f08       0x98 ./Core/Src/usart.o
                0x08002f08                MX_USART3_UART_Init
 .text.HAL_UART_MspInit
                0x08002fa0      0x1cc ./Core/Src/usart.o
                0x08002fa0                HAL_UART_MspInit
 .text.Reset_Handler
                0x0800316c       0x54 ./Core/Startup/startup_stm32h735igkx.o
                0x0800316c                Reset_Handler
 .text.Default_Handler
                0x080031c0        0x2 ./Core/Startup/startup_stm32h735igkx.o
                0x080031c0                RTC_Alarm_IRQHandler
                0x080031c0                HASH_RNG_IRQHandler
                0x080031c0                EXTI2_IRQHandler
                0x080031c0                TIM8_CC_IRQHandler
                0x080031c0                UART8_IRQHandler
                0x080031c0                SPI4_IRQHandler
                0x080031c0                FDCAN3_IT0_IRQHandler
                0x080031c0                TIM1_CC_IRQHandler
                0x080031c0                BDMA_Channel6_IRQHandler
                0x080031c0                DMA2_Stream5_IRQHandler
                0x080031c0                DMA1_Stream5_IRQHandler
                0x080031c0                CORDIC_IRQHandler
                0x080031c0                BDMA_Channel1_IRQHandler
                0x080031c0                TAMP_STAMP_IRQHandler
                0x080031c0                LPTIM4_IRQHandler
                0x080031c0                TIM8_TRG_COM_TIM14_IRQHandler
                0x080031c0                LPTIM2_IRQHandler
                0x080031c0                DFSDM1_FLT1_IRQHandler
                0x080031c0                DMAMUX2_OVR_IRQHandler
                0x080031c0                TIM8_UP_TIM13_IRQHandler
                0x080031c0                I2C3_ER_IRQHandler
                0x080031c0                DFSDM1_FLT2_IRQHandler
                0x080031c0                I2C5_EV_IRQHandler
                0x080031c0                USART10_IRQHandler
                0x080031c0                MDMA_IRQHandler
                0x080031c0                LPTIM3_IRQHandler
                0x080031c0                HSEM1_IRQHandler
                0x080031c0                EXTI0_IRQHandler
                0x080031c0                I2C2_EV_IRQHandler
                0x080031c0                DMA1_Stream2_IRQHandler
                0x080031c0                FPU_IRQHandler
                0x080031c0                OTG_HS_WKUP_IRQHandler
                0x080031c0                FDCAN1_IT1_IRQHandler
                0x080031c0                LTDC_ER_IRQHandler
                0x080031c0                DMA2_Stream2_IRQHandler
                0x080031c0                SPI1_IRQHandler
                0x080031c0                OCTOSPI1_IRQHandler
                0x080031c0                DMA2_Stream3_IRQHandler
                0x080031c0                OCTOSPI2_IRQHandler
                0x080031c0                DFSDM1_FLT3_IRQHandler
                0x080031c0                TIM23_IRQHandler
                0x080031c0                USART6_IRQHandler
                0x080031c0                TIM17_IRQHandler
                0x080031c0                BDMA_Channel7_IRQHandler
                0x080031c0                CRYP_IRQHandler
                0x080031c0                LPTIM5_IRQHandler
                0x080031c0                UART5_IRQHandler
                0x080031c0                ADC3_IRQHandler
                0x080031c0                DMA2_Stream0_IRQHandler
                0x080031c0                TIM4_IRQHandler
                0x080031c0                BDMA_Channel2_IRQHandler
                0x080031c0                I2C1_EV_IRQHandler
                0x080031c0                DMA1_Stream6_IRQHandler
                0x080031c0                DMAMUX1_OVR_IRQHandler
                0x080031c0                TIM16_IRQHandler
                0x080031c0                UART4_IRQHandler
                0x080031c0                BDMA_Channel5_IRQHandler
                0x080031c0                TIM3_IRQHandler
                0x080031c0                RCC_IRQHandler
                0x080031c0                UART9_IRQHandler
                0x080031c0                TIM8_BRK_TIM12_IRQHandler
                0x080031c0                TIM1_TRG_COM_IRQHandler
                0x080031c0                Default_Handler
                0x080031c0                ECC_IRQHandler
                0x080031c0                FMAC_IRQHandler
                0x080031c0                CEC_IRQHandler
                0x080031c0                EXTI15_10_IRQHandler
                0x080031c0                BDMA_Channel0_IRQHandler
                0x080031c0                ADC_IRQHandler
                0x080031c0                I2C5_ER_IRQHandler
                0x080031c0                OTFDEC1_IRQHandler
                0x080031c0                DMA1_Stream7_IRQHandler
                0x080031c0                SPI5_IRQHandler
                0x080031c0                TIM7_IRQHandler
                0x080031c0                FDCAN3_IT1_IRQHandler
                0x080031c0                SDMMC1_IRQHandler
                0x080031c0                TIM5_IRQHandler
                0x080031c0                DMA2_Stream7_IRQHandler
                0x080031c0                TIM15_IRQHandler
                0x080031c0                PVD_AVD_IRQHandler
                0x080031c0                I2C3_EV_IRQHandler
                0x080031c0                EXTI9_5_IRQHandler
                0x080031c0                RTC_WKUP_IRQHandler
                0x080031c0                LTDC_IRQHandler
                0x080031c0                ETH_WKUP_IRQHandler
                0x080031c0                SPDIF_RX_IRQHandler
                0x080031c0                SPI2_IRQHandler
                0x080031c0                OTG_HS_EP1_IN_IRQHandler
                0x080031c0                OTFDEC2_IRQHandler
                0x080031c0                TIM24_IRQHandler
                0x080031c0                CRS_IRQHandler
                0x080031c0                EXTI4_IRQHandler
                0x080031c0                FDCAN2_IT1_IRQHandler
                0x080031c0                ETH_IRQHandler
                0x080031c0                TIM1_UP_IRQHandler
                0x080031c0                BDMA_Channel4_IRQHandler
                0x080031c0                OTG_HS_EP1_OUT_IRQHandler
                0x080031c0                WWDG_IRQHandler
                0x080031c0                SPI6_IRQHandler
                0x080031c0                MDIOS_IRQHandler
                0x080031c0                I2C4_EV_IRQHandler
                0x080031c0                FDCAN2_IT0_IRQHandler
                0x080031c0                LPUART1_IRQHandler
                0x080031c0                FDCAN1_IT0_IRQHandler
                0x080031c0                TIM2_IRQHandler
                0x080031c0                OTG_HS_IRQHandler
                0x080031c0                DMA2D_IRQHandler
                0x080031c0                TIM1_BRK_IRQHandler
                0x080031c0                EXTI1_IRQHandler
                0x080031c0                SDMMC2_IRQHandler
                0x080031c0                BDMA_Channel3_IRQHandler
                0x080031c0                DTS_IRQHandler
                0x080031c0                UART7_IRQHandler
                0x080031c0                MDIOS_WKUP_IRQHandler
                0x080031c0                USART2_IRQHandler
                0x080031c0                DFSDM1_FLT0_IRQHandler
                0x080031c0                SAI4_IRQHandler
                0x080031c0                I2C2_ER_IRQHandler
                0x080031c0                DMA2_Stream1_IRQHandler
                0x080031c0                FLASH_IRQHandler
                0x080031c0                DMA2_Stream4_IRQHandler
                0x080031c0                USART1_IRQHandler
                0x080031c0                SPI3_IRQHandler
                0x080031c0                WAKEUP_PIN_IRQHandler
                0x080031c0                DMA1_Stream4_IRQHandler
                0x080031c0                I2C1_ER_IRQHandler
                0x080031c0                FMC_IRQHandler
                0x080031c0                FDCAN_CAL_IRQHandler
                0x080031c0                SWPMI1_IRQHandler
                0x080031c0                COMP1_IRQHandler
                0x080031c0                LPTIM1_IRQHandler
                0x080031c0                DCMI_PSSI_IRQHandler
                0x080031c0                I2C4_ER_IRQHandler
                0x080031c0                DMA2_Stream6_IRQHandler
                0x080031c0                SAI1_IRQHandler
                0x080031c0                DMA1_Stream3_IRQHandler
 *fill*         0x080031c2        0x2 
 .text.HAL_Init
                0x080031c4       0x78 ./Drivers/STM32H7xx_HAL_Driver/Src/stm32h7xx_hal.o
                0x080031c4                HAL_Init
 .text.HAL_IncTick
                0x0800323c       0x28 ./Drivers/STM32H7xx_HAL_Driver/Src/stm32h7xx_hal.o
                0x0800323c                HAL_IncTick
 .text.HAL_GetTick
                0x08003264       0x18 ./Drivers/STM32H7xx_HAL_Driver/Src/stm32h7xx_hal.o
                0x08003264                HAL_GetTick
 .text.HAL_Delay
                0x0800327c       0x48 ./Drivers/STM32H7xx_HAL_Driver/Src/stm32h7xx_hal.o
                0x0800327c                HAL_Delay
 .text.HAL_SYSCFG_AnalogSwitchConfig
                0x080032c4       0x2c ./Drivers/STM32H7xx_HAL_Driver/Src/stm32h7xx_hal.o
                0x080032c4                HAL_SYSCFG_AnalogSwitchConfig
 .text.__NVIC_SetPriorityGrouping
                0x080032f0       0x48 ./Drivers/STM32H7xx_HAL_Driver/Src/stm32h7xx_hal_cortex.o
 .text.__NVIC_GetPriorityGrouping
                0x08003338       0x1c ./Drivers/STM32H7xx_HAL_Driver/Src/stm32h7xx_hal_cortex.o
 .text.__NVIC_EnableIRQ
                0x08003354       0x3c ./Drivers/STM32H7xx_HAL_Driver/Src/stm32h7xx_hal_cortex.o
 .text.__NVIC_SetPriority
                0x08003390       0x54 ./Drivers/STM32H7xx_HAL_Driver/Src/stm32h7xx_hal_cortex.o
 .text.NVIC_EncodePriority
                0x080033e4       0x66 ./Drivers/STM32H7xx_HAL_Driver/Src/stm32h7xx_hal_cortex.o
 .text.HAL_NVIC_SetPriorityGrouping
                0x0800344a       0x16 ./Drivers/STM32H7xx_HAL_Driver/Src/stm32h7xx_hal_cortex.o
                0x0800344a                HAL_NVIC_SetPriorityGrouping
 .text.HAL_NVIC_SetPriority
                0x08003460       0x34 ./Drivers/STM32H7xx_HAL_Driver/Src/stm32h7xx_hal_cortex.o
                0x08003460                HAL_NVIC_SetPriority
 .text.HAL_NVIC_EnableIRQ
                0x08003494       0x1c ./Drivers/STM32H7xx_HAL_Driver/Src/stm32h7xx_hal_cortex.o
                0x08003494                HAL_NVIC_EnableIRQ
 .text.HAL_DMA_Init
                0x080034b0      0x6b0 ./Drivers/STM32H7xx_HAL_Driver/Src/stm32h7xx_hal_dma.o
                0x080034b0                HAL_DMA_Init
 .text.HAL_DMA_Start_IT
                0x08003b60      0x4d4 ./Drivers/STM32H7xx_HAL_Driver/Src/stm32h7xx_hal_dma.o
                0x08003b60                HAL_DMA_Start_IT
 .text.HAL_DMA_Abort
                0x08004034      0x63c ./Drivers/STM32H7xx_HAL_Driver/Src/stm32h7xx_hal_dma.o
                0x08004034                HAL_DMA_Abort
 .text.HAL_DMA_Abort_IT
                0x08004670      0x48c ./Drivers/STM32H7xx_HAL_Driver/Src/stm32h7xx_hal_dma.o
                0x08004670                HAL_DMA_Abort_IT
 .text.HAL_DMA_IRQHandler
                0x08004afc      0xe54 ./Drivers/STM32H7xx_HAL_Driver/Src/stm32h7xx_hal_dma.o
                0x08004afc                HAL_DMA_IRQHandler
 .text.DMA_SetConfig
                0x08005950      0x358 ./Drivers/STM32H7xx_HAL_Driver/Src/stm32h7xx_hal_dma.o
 .text.DMA_CalcBaseAndBitshift
                0x08005ca8      0x164 ./Drivers/STM32H7xx_HAL_Driver/Src/stm32h7xx_hal_dma.o
 .text.DMA_CheckFifoParam
                0x08005e0c       0xf8 ./Drivers/STM32H7xx_HAL_Driver/Src/stm32h7xx_hal_dma.o
 .text.DMA_CalcDMAMUXChannelBaseAndMask
                0x08005f04      0x134 ./Drivers/STM32H7xx_HAL_Driver/Src/stm32h7xx_hal_dma.o
 .text.DMA_CalcDMAMUXRequestGenBaseAndMask
                0x08006038       0xe8 ./Drivers/STM32H7xx_HAL_Driver/Src/stm32h7xx_hal_dma.o
 .text.HAL_GPIO_Init
                0x08006120      0x350 ./Drivers/STM32H7xx_HAL_Driver/Src/stm32h7xx_hal_gpio.o
                0x08006120                HAL_GPIO_Init
 .text.HAL_GPIO_WritePin
                0x08006470       0x32 ./Drivers/STM32H7xx_HAL_Driver/Src/stm32h7xx_hal_gpio.o
                0x08006470                HAL_GPIO_WritePin
 .text.HAL_GPIO_EXTI_IRQHandler
                0x080064a2       0x34 ./Drivers/STM32H7xx_HAL_Driver/Src/stm32h7xx_hal_gpio.o
                0x080064a2                HAL_GPIO_EXTI_IRQHandler
 *fill*         0x080064d6        0x2 
 .text.HAL_I2C_Init
                0x080064d8      0x138 ./Drivers/STM32H7xx_HAL_Driver/Src/stm32h7xx_hal_i2c.o
                0x080064d8                HAL_I2C_Init
 .text.HAL_I2C_Mem_Write
                0x08006610      0x228 ./Drivers/STM32H7xx_HAL_Driver/Src/stm32h7xx_hal_i2c.o
                0x08006610                HAL_I2C_Mem_Write
 .text.HAL_I2C_Mem_Read
                0x08006838      0x234 ./Drivers/STM32H7xx_HAL_Driver/Src/stm32h7xx_hal_i2c.o
                0x08006838                HAL_I2C_Mem_Read
 .text.HAL_I2C_GetError
                0x08006a6c       0x18 ./Drivers/STM32H7xx_HAL_Driver/Src/stm32h7xx_hal_i2c.o
                0x08006a6c                HAL_I2C_GetError
 .text.I2C_RequestMemoryWrite
                0x08006a84       0xa8 ./Drivers/STM32H7xx_HAL_Driver/Src/stm32h7xx_hal_i2c.o
 .text.I2C_RequestMemoryRead
                0x08006b2c       0xa8 ./Drivers/STM32H7xx_HAL_Driver/Src/stm32h7xx_hal_i2c.o
 .text.I2C_Flush_TXDR
                0x08006bd4       0x48 ./Drivers/STM32H7xx_HAL_Driver/Src/stm32h7xx_hal_i2c.o
 .text.I2C_WaitOnFlagUntilTimeout
                0x08006c1c       0xb2 ./Drivers/STM32H7xx_HAL_Driver/Src/stm32h7xx_hal_i2c.o
 .text.I2C_WaitOnTXISFlagUntilTimeout
                0x08006cce       0x8e ./Drivers/STM32H7xx_HAL_Driver/Src/stm32h7xx_hal_i2c.o
 .text.I2C_WaitOnSTOPFlagUntilTimeout
                0x08006d5c       0x86 ./Drivers/STM32H7xx_HAL_Driver/Src/stm32h7xx_hal_i2c.o
 *fill*         0x08006de2        0x2 
 .text.I2C_IsErrorOccurred
                0x08006de4      0x1c0 ./Drivers/STM32H7xx_HAL_Driver/Src/stm32h7xx_hal_i2c.o
 .text.I2C_TransferConfig
                0x08006fa4       0x64 ./Drivers/STM32H7xx_HAL_Driver/Src/stm32h7xx_hal_i2c.o
 .text.HAL_I2CEx_ConfigAnalogFilter
                0x08007008       0x96 ./Drivers/STM32H7xx_HAL_Driver/Src/stm32h7xx_hal_i2c_ex.o
                0x08007008                HAL_I2CEx_ConfigAnalogFilter
 .text.HAL_I2CEx_ConfigDigitalFilter
                0x0800709e       0x98 ./Drivers/STM32H7xx_HAL_Driver/Src/stm32h7xx_hal_i2c_ex.o
                0x0800709e                HAL_I2CEx_ConfigDigitalFilter
 *fill*         0x08007136        0x2 
 .text.HAL_PWREx_ConfigSupply
                0x08007138       0xb4 ./Drivers/STM32H7xx_HAL_Driver/Src/stm32h7xx_hal_pwr_ex.o
                0x08007138                HAL_PWREx_ConfigSupply
 .text.HAL_RCC_OscConfig
                0x080071ec      0x7b4 ./Drivers/STM32H7xx_HAL_Driver/Src/stm32h7xx_hal_rcc.o
                0x080071ec                HAL_RCC_OscConfig
 .text.HAL_RCC_ClockConfig
                0x080079a0      0x36c ./Drivers/STM32H7xx_HAL_Driver/Src/stm32h7xx_hal_rcc.o
                0x080079a0                HAL_RCC_ClockConfig
 .text.HAL_RCC_GetSysClockFreq
                0x08007d0c      0x2f4 ./Drivers/STM32H7xx_HAL_Driver/Src/stm32h7xx_hal_rcc.o
                0x08007d0c                HAL_RCC_GetSysClockFreq
 .text.HAL_RCC_GetHCLKFreq
                0x08008000       0x60 ./Drivers/STM32H7xx_HAL_Driver/Src/stm32h7xx_hal_rcc.o
                0x08008000                HAL_RCC_GetHCLKFreq
 .text.HAL_RCC_GetPCLK1Freq
                0x08008060       0x2c ./Drivers/STM32H7xx_HAL_Driver/Src/stm32h7xx_hal_rcc.o
                0x08008060                HAL_RCC_GetPCLK1Freq
 .text.HAL_RCC_GetPCLK2Freq
                0x0800808c       0x2c ./Drivers/STM32H7xx_HAL_Driver/Src/stm32h7xx_hal_rcc.o
                0x0800808c                HAL_RCC_GetPCLK2Freq
 .text.HAL_RCC_GetClockConfig
                0x080080b8       0x84 ./Drivers/STM32H7xx_HAL_Driver/Src/stm32h7xx_hal_rcc.o
                0x080080b8                HAL_RCC_GetClockConfig
 .text.HAL_RCCEx_PeriphCLKConfig
                0x0800813c     0x1340 ./Drivers/STM32H7xx_HAL_Driver/Src/stm32h7xx_hal_rcc_ex.o
                0x0800813c                HAL_RCCEx_PeriphCLKConfig
 .text.HAL_RCCEx_GetD3PCLK1Freq
                0x0800947c       0x2c ./Drivers/STM32H7xx_HAL_Driver/Src/stm32h7xx_hal_rcc_ex.o
                0x0800947c                HAL_RCCEx_GetD3PCLK1Freq
 .text.HAL_RCCEx_GetPLL2ClockFreq
                0x080094a8      0x2a8 ./Drivers/STM32H7xx_HAL_Driver/Src/stm32h7xx_hal_rcc_ex.o
                0x080094a8                HAL_RCCEx_GetPLL2ClockFreq
 .text.HAL_RCCEx_GetPLL3ClockFreq
                0x08009750      0x2a8 ./Drivers/STM32H7xx_HAL_Driver/Src/stm32h7xx_hal_rcc_ex.o
                0x08009750                HAL_RCCEx_GetPLL3ClockFreq
 .text.RCCEx_PLL2_Config
                0x080099f8      0x164 ./Drivers/STM32H7xx_HAL_Driver/Src/stm32h7xx_hal_rcc_ex.o
 .text.RCCEx_PLL3_Config
                0x08009b5c      0x164 ./Drivers/STM32H7xx_HAL_Driver/Src/stm32h7xx_hal_rcc_ex.o
 .text.HAL_TIM_Base_Init
                0x08009cc0       0xae ./Drivers/STM32H7xx_HAL_Driver/Src/stm32h7xx_hal_tim.o
                0x08009cc0                HAL_TIM_Base_Init
 .text.HAL_TIM_Base_MspInit
                0x08009d6e       0x14 ./Drivers/STM32H7xx_HAL_Driver/Src/stm32h7xx_hal_tim.o
                0x08009d6e                HAL_TIM_Base_MspInit
 *fill*         0x08009d82        0x2 
 .text.HAL_TIM_Base_Start_IT
                0x08009d84      0x10c ./Drivers/STM32H7xx_HAL_Driver/Src/stm32h7xx_hal_tim.o
                0x08009d84                HAL_TIM_Base_Start_IT
 .text.HAL_TIM_IRQHandler
                0x08009e90      0x20e ./Drivers/STM32H7xx_HAL_Driver/Src/stm32h7xx_hal_tim.o
                0x08009e90                HAL_TIM_IRQHandler
 .text.HAL_TIM_OC_DelayElapsedCallback
                0x0800a09e       0x14 ./Drivers/STM32H7xx_HAL_Driver/Src/stm32h7xx_hal_tim.o
                0x0800a09e                HAL_TIM_OC_DelayElapsedCallback
 .text.HAL_TIM_IC_CaptureCallback
                0x0800a0b2       0x14 ./Drivers/STM32H7xx_HAL_Driver/Src/stm32h7xx_hal_tim.o
                0x0800a0b2                HAL_TIM_IC_CaptureCallback
 .text.HAL_TIM_PWM_PulseFinishedCallback
                0x0800a0c6       0x14 ./Drivers/STM32H7xx_HAL_Driver/Src/stm32h7xx_hal_tim.o
                0x0800a0c6                HAL_TIM_PWM_PulseFinishedCallback
 .text.HAL_TIM_TriggerCallback
                0x0800a0da       0x14 ./Drivers/STM32H7xx_HAL_Driver/Src/stm32h7xx_hal_tim.o
                0x0800a0da                HAL_TIM_TriggerCallback
 *fill*         0x0800a0ee        0x2 
 .text.TIM_Base_SetConfig
                0x0800a0f0      0x158 ./Drivers/STM32H7xx_HAL_Driver/Src/stm32h7xx_hal_tim.o
                0x0800a0f0                TIM_Base_SetConfig
 .text.HAL_TIMEx_CommutCallback
                0x0800a248       0x14 ./Drivers/STM32H7xx_HAL_Driver/Src/stm32h7xx_hal_tim_ex.o
                0x0800a248                HAL_TIMEx_CommutCallback
 .text.HAL_TIMEx_BreakCallback
                0x0800a25c       0x14 ./Drivers/STM32H7xx_HAL_Driver/Src/stm32h7xx_hal_tim_ex.o
                0x0800a25c                HAL_TIMEx_BreakCallback
 .text.HAL_TIMEx_Break2Callback
                0x0800a270       0x14 ./Drivers/STM32H7xx_HAL_Driver/Src/stm32h7xx_hal_tim_ex.o
                0x0800a270                HAL_TIMEx_Break2Callback
 .text.HAL_UART_Init
                0x0800a284       0xa0 ./Drivers/STM32H7xx_HAL_Driver/Src/stm32h7xx_hal_uart.o
                0x0800a284                HAL_UART_Init
 .text.HAL_UART_Transmit
                0x0800a324      0x11c ./Drivers/STM32H7xx_HAL_Driver/Src/stm32h7xx_hal_uart.o
                0x0800a324                HAL_UART_Transmit
 .text.HAL_UART_Transmit_DMA
                0x0800a440      0x100 ./Drivers/STM32H7xx_HAL_Driver/Src/stm32h7xx_hal_uart.o
                0x0800a440                HAL_UART_Transmit_DMA
 .text.HAL_UART_IRQHandler
                0x0800a540      0x7ac ./Drivers/STM32H7xx_HAL_Driver/Src/stm32h7xx_hal_uart.o
                0x0800a540                HAL_UART_IRQHandler
 .text.HAL_UART_TxHalfCpltCallback
                0x0800acec       0x14 ./Drivers/STM32H7xx_HAL_Driver/Src/stm32h7xx_hal_uart.o
                0x0800acec                HAL_UART_TxHalfCpltCallback
 .text.HAL_UART_RxCpltCallback
                0x0800ad00       0x14 ./Drivers/STM32H7xx_HAL_Driver/Src/stm32h7xx_hal_uart.o
                0x0800ad00                HAL_UART_RxCpltCallback
 .text.HAL_UART_RxHalfCpltCallback
                0x0800ad14       0x14 ./Drivers/STM32H7xx_HAL_Driver/Src/stm32h7xx_hal_uart.o
                0x0800ad14                HAL_UART_RxHalfCpltCallback
 .text.HAL_UART_ErrorCallback
                0x0800ad28       0x14 ./Drivers/STM32H7xx_HAL_Driver/Src/stm32h7xx_hal_uart.o
                0x0800ad28                HAL_UART_ErrorCallback
 .text.UART_SetConfig
                0x0800ad3c      0xcd8 ./Drivers/STM32H7xx_HAL_Driver/Src/stm32h7xx_hal_uart.o
                0x0800ad3c                UART_SetConfig
 .text.UART_AdvFeatureConfig
                0x0800ba14      0x144 ./Drivers/STM32H7xx_HAL_Driver/Src/stm32h7xx_hal_uart.o
                0x0800ba14                UART_AdvFeatureConfig
 .text.UART_CheckIdleState
                0x0800bb58      0x154 ./Drivers/STM32H7xx_HAL_Driver/Src/stm32h7xx_hal_uart.o
                0x0800bb58                UART_CheckIdleState
 .text.UART_WaitOnFlagUntilTimeout
                0x0800bcac       0xda ./Drivers/STM32H7xx_HAL_Driver/Src/stm32h7xx_hal_uart.o
                0x0800bcac                UART_WaitOnFlagUntilTimeout
 *fill*         0x0800bd86        0x2 
 .text.UART_Start_Receive_DMA
                0x0800bd88      0x14c ./Drivers/STM32H7xx_HAL_Driver/Src/stm32h7xx_hal_uart.o
                0x0800bd88                UART_Start_Receive_DMA
 .text.UART_EndTxTransfer
                0x0800bed4       0x82 ./Drivers/STM32H7xx_HAL_Driver/Src/stm32h7xx_hal_uart.o
 *fill*         0x0800bf56        0x2 
 .text.UART_EndRxTransfer
                0x0800bf58       0xcc ./Drivers/STM32H7xx_HAL_Driver/Src/stm32h7xx_hal_uart.o
 .text.UART_DMATransmitCplt
                0x0800c024       0x96 ./Drivers/STM32H7xx_HAL_Driver/Src/stm32h7xx_hal_uart.o
 .text.UART_DMATxHalfCplt
                0x0800c0ba       0x1c ./Drivers/STM32H7xx_HAL_Driver/Src/stm32h7xx_hal_uart.o
 .text.UART_DMAReceiveCplt
                0x0800c0d6      0x128 ./Drivers/STM32H7xx_HAL_Driver/Src/stm32h7xx_hal_uart.o
 .text.UART_DMARxHalfCplt
                0x0800c1fe       0x3e ./Drivers/STM32H7xx_HAL_Driver/Src/stm32h7xx_hal_uart.o
 .text.UART_DMAError
                0x0800c23c       0x80 ./Drivers/STM32H7xx_HAL_Driver/Src/stm32h7xx_hal_uart.o
 .text.UART_DMAAbortOnError
                0x0800c2bc       0x24 ./Drivers/STM32H7xx_HAL_Driver/Src/stm32h7xx_hal_uart.o
 .text.UART_EndTransmit_IT
                0x0800c2e0       0x56 ./Drivers/STM32H7xx_HAL_Driver/Src/stm32h7xx_hal_uart.o
 .text.HAL_UARTEx_WakeupCallback
                0x0800c336       0x14 ./Drivers/STM32H7xx_HAL_Driver/Src/stm32h7xx_hal_uart_ex.o
                0x0800c336                HAL_UARTEx_WakeupCallback
 .text.HAL_UARTEx_RxFifoFullCallback
                0x0800c34a       0x14 ./Drivers/STM32H7xx_HAL_Driver/Src/stm32h7xx_hal_uart_ex.o
                0x0800c34a                HAL_UARTEx_RxFifoFullCallback
 .text.HAL_UARTEx_TxFifoEmptyCallback
                0x0800c35e       0x14 ./Drivers/STM32H7xx_HAL_Driver/Src/stm32h7xx_hal_uart_ex.o
                0x0800c35e                HAL_UARTEx_TxFifoEmptyCallback
 .text.HAL_UARTEx_DisableFifoMode
                0x0800c372       0x72 ./Drivers/STM32H7xx_HAL_Driver/Src/stm32h7xx_hal_uart_ex.o
                0x0800c372                HAL_UARTEx_DisableFifoMode
 .text.HAL_UARTEx_SetTxFifoThreshold
                0x0800c3e4       0x7c ./Drivers/STM32H7xx_HAL_Driver/Src/stm32h7xx_hal_uart_ex.o
                0x0800c3e4                HAL_UARTEx_SetTxFifoThreshold
 .text.HAL_UARTEx_SetRxFifoThreshold
                0x0800c460       0x7c ./Drivers/STM32H7xx_HAL_Driver/Src/stm32h7xx_hal_uart_ex.o
                0x0800c460                HAL_UARTEx_SetRxFifoThreshold
 .text.HAL_UARTEx_ReceiveToIdle_DMA
                0x0800c4dc       0xa8 ./Drivers/STM32H7xx_HAL_Driver/Src/stm32h7xx_hal_uart_ex.o
                0x0800c4dc                HAL_UARTEx_ReceiveToIdle_DMA
 .text.UARTEx_SetNbDataToProcess
                0x0800c584       0x9c ./Drivers/STM32H7xx_HAL_Driver/Src/stm32h7xx_hal_uart_ex.o
 .text.__NVIC_SetPriority
                0x0800c620       0x54 ./Middlewares/Third_Party/FreeRTOS/Source/CMSIS_RTOS_V2/cmsis_os2.o
 .text.SysTick_Handler
                0x0800c674       0x20 ./Middlewares/Third_Party/FreeRTOS/Source/CMSIS_RTOS_V2/cmsis_os2.o
                0x0800c674                SysTick_Handler
 .text.SVC_Setup
                0x0800c694       0x12 ./Middlewares/Third_Party/FreeRTOS/Source/CMSIS_RTOS_V2/cmsis_os2.o
 *fill*         0x0800c6a6        0x2 
 .text.osKernelInitialize
                0x0800c6a8       0x48 ./Middlewares/Third_Party/FreeRTOS/Source/CMSIS_RTOS_V2/cmsis_os2.o
                0x0800c6a8                osKernelInitialize
 .text.osKernelGetState
                0x0800c6f0       0x44 ./Middlewares/Third_Party/FreeRTOS/Source/CMSIS_RTOS_V2/cmsis_os2.o
                0x0800c6f0                osKernelGetState
 .text.osKernelStart
                0x0800c734       0x4c ./Middlewares/Third_Party/FreeRTOS/Source/CMSIS_RTOS_V2/cmsis_os2.o
                0x0800c734                osKernelStart
 .text.osKernelGetTickCount
                0x0800c780       0x2a ./Middlewares/Third_Party/FreeRTOS/Source/CMSIS_RTOS_V2/cmsis_os2.o
                0x0800c780                osKernelGetTickCount
 .text.osThreadNew
                0x0800c7aa      0x124 ./Middlewares/Third_Party/FreeRTOS/Source/CMSIS_RTOS_V2/cmsis_os2.o
                0x0800c7aa                osThreadNew
 .text.osThreadGetStackSpace
                0x0800c8ce       0x3a ./Middlewares/Third_Party/FreeRTOS/Source/CMSIS_RTOS_V2/cmsis_os2.o
                0x0800c8ce                osThreadGetStackSpace
 .text.osThreadFlagsSet
                0x0800c908       0x9c ./Middlewares/Third_Party/FreeRTOS/Source/CMSIS_RTOS_V2/cmsis_os2.o
                0x0800c908                osThreadFlagsSet
 .text.osThreadFlagsWait
                0x0800c9a4      0x102 ./Middlewares/Third_Party/FreeRTOS/Source/CMSIS_RTOS_V2/cmsis_os2.o
                0x0800c9a4                osThreadFlagsWait
 .text.osDelay  0x0800caa6       0x36 ./Middlewares/Third_Party/FreeRTOS/Source/CMSIS_RTOS_V2/cmsis_os2.o
                0x0800caa6                osDelay
 .text.osMessageQueueNew
                0x0800cadc       0xe6 ./Middlewares/Third_Party/FreeRTOS/Source/CMSIS_RTOS_V2/cmsis_os2.o
                0x0800cadc                osMessageQueueNew
 *fill*         0x0800cbc2        0x2 
 .text.osMessageQueuePut
                0x0800cbc4       0xc0 ./Middlewares/Third_Party/FreeRTOS/Source/CMSIS_RTOS_V2/cmsis_os2.o
                0x0800cbc4                osMessageQueuePut
 .text.osMessageQueueGet
                0x0800cc84       0xbc ./Middlewares/Third_Party/FreeRTOS/Source/CMSIS_RTOS_V2/cmsis_os2.o
                0x0800cc84                osMessageQueueGet
 .text.osMessageQueueGetCount
                0x0800cd40       0x40 ./Middlewares/Third_Party/FreeRTOS/Source/CMSIS_RTOS_V2/cmsis_os2.o
                0x0800cd40                osMessageQueueGetCount
 .text.osMessageQueueGetSpace
                0x0800cd80       0x6a ./Middlewares/Third_Party/FreeRTOS/Source/CMSIS_RTOS_V2/cmsis_os2.o
                0x0800cd80                osMessageQueueGetSpace
 *fill*         0x0800cdea        0x2 
 .text.vApplicationGetIdleTaskMemory
                0x0800cdec       0x34 ./Middlewares/Third_Party/FreeRTOS/Source/CMSIS_RTOS_V2/cmsis_os2.o
                0x0800cdec                vApplicationGetIdleTaskMemory
 .text.vApplicationGetTimerTaskMemory
                0x0800ce20       0x34 ./Middlewares/Third_Party/FreeRTOS/Source/CMSIS_RTOS_V2/cmsis_os2.o
                0x0800ce20                vApplicationGetTimerTaskMemory
 .text.vListInitialise
                0x0800ce54       0x40 ./Middlewares/Third_Party/FreeRTOS/Source/list.o
                0x0800ce54                vListInitialise
 .text.vListInitialiseItem
                0x0800ce94       0x1a ./Middlewares/Third_Party/FreeRTOS/Source/list.o
                0x0800ce94                vListInitialiseItem
 .text.vListInsertEnd
                0x0800ceae       0x48 ./Middlewares/Third_Party/FreeRTOS/Source/list.o
                0x0800ceae                vListInsertEnd
 .text.vListInsert
                0x0800cef6       0x72 ./Middlewares/Third_Party/FreeRTOS/Source/list.o
                0x0800cef6                vListInsert
 .text.uxListRemove
                0x0800cf68       0x54 ./Middlewares/Third_Party/FreeRTOS/Source/list.o
                0x0800cf68                uxListRemove
 .text.xQueueGenericReset
                0x0800cfbc       0xd4 ./Middlewares/Third_Party/FreeRTOS/Source/queue.o
                0x0800cfbc                xQueueGenericReset
 .text.xQueueGenericCreateStatic
                0x0800d090       0xfa ./Middlewares/Third_Party/FreeRTOS/Source/queue.o
                0x0800d090                xQueueGenericCreateStatic
 .text.xQueueGenericCreate
                0x0800d18a       0x76 ./Middlewares/Third_Party/FreeRTOS/Source/queue.o
                0x0800d18a                xQueueGenericCreate
 .text.prvInitialiseNewQueue
                0x0800d200       0x46 ./Middlewares/Third_Party/FreeRTOS/Source/queue.o
 *fill*         0x0800d246        0x2 
 .text.xQueueGenericSend
                0x0800d248      0x204 ./Middlewares/Third_Party/FreeRTOS/Source/queue.o
                0x0800d248                xQueueGenericSend
 .text.xQueueGenericSendFromISR
                0x0800d44c      0x13c ./Middlewares/Third_Party/FreeRTOS/Source/queue.o
                0x0800d44c                xQueueGenericSendFromISR
 .text.xQueueReceive
                0x0800d588      0x1c4 ./Middlewares/Third_Party/FreeRTOS/Source/queue.o
                0x0800d588                xQueueReceive
 .text.xQueueReceiveFromISR
                0x0800d74c      0x104 ./Middlewares/Third_Party/FreeRTOS/Source/queue.o
                0x0800d74c                xQueueReceiveFromISR
 .text.uxQueueMessagesWaiting
                0x0800d850       0x3e ./Middlewares/Third_Party/FreeRTOS/Source/queue.o
                0x0800d850                uxQueueMessagesWaiting
 .text.uxQueueSpacesAvailable
                0x0800d88e       0x48 ./Middlewares/Third_Party/FreeRTOS/Source/queue.o
                0x0800d88e                uxQueueSpacesAvailable
 .text.uxQueueMessagesWaitingFromISR
                0x0800d8d6       0x3e ./Middlewares/Third_Party/FreeRTOS/Source/queue.o
                0x0800d8d6                uxQueueMessagesWaitingFromISR
 .text.prvCopyDataToQueue
                0x0800d914       0xd4 ./Middlewares/Third_Party/FreeRTOS/Source/queue.o
 .text.prvCopyDataFromQueue
                0x0800d9e8       0x4c ./Middlewares/Third_Party/FreeRTOS/Source/queue.o
 .text.prvUnlockQueue
                0x0800da34       0xa4 ./Middlewares/Third_Party/FreeRTOS/Source/queue.o
 .text.prvIsQueueEmpty
                0x0800dad8       0x2c ./Middlewares/Third_Party/FreeRTOS/Source/queue.o
 .text.prvIsQueueFull
                0x0800db04       0x30 ./Middlewares/Third_Party/FreeRTOS/Source/queue.o
 .text.vQueueAddToRegistry
                0x0800db34       0x54 ./Middlewares/Third_Party/FreeRTOS/Source/queue.o
                0x0800db34                vQueueAddToRegistry
 .text.vQueueWaitForMessageRestricted
                0x0800db88       0x68 ./Middlewares/Third_Party/FreeRTOS/Source/queue.o
                0x0800db88                vQueueWaitForMessageRestricted
 .text.xTaskCreateStatic
                0x0800dbf0       0xc0 ./Middlewares/Third_Party/FreeRTOS/Source/tasks.o
                0x0800dbf0                xTaskCreateStatic
 .text.xTaskCreate
                0x0800dcb0       0x8a ./Middlewares/Third_Party/FreeRTOS/Source/tasks.o
                0x0800dcb0                xTaskCreate
 *fill*         0x0800dd3a        0x2 
 .text.prvInitialiseNewTask
                0x0800dd3c      0x150 ./Middlewares/Third_Party/FreeRTOS/Source/tasks.o
 .text.prvAddNewTaskToReadyList
                0x0800de8c       0xe0 ./Middlewares/Third_Party/FreeRTOS/Source/tasks.o
 .text.vTaskDelay
                0x0800df6c       0x6c ./Middlewares/Third_Party/FreeRTOS/Source/tasks.o
                0x0800df6c                vTaskDelay
 .text.vTaskStartScheduler
                0x0800dfd8       0xe0 ./Middlewares/Third_Party/FreeRTOS/Source/tasks.o
                0x0800dfd8                vTaskStartScheduler
 .text.vTaskSuspendAll
                0x0800e0b8       0x1c ./Middlewares/Third_Party/FreeRTOS/Source/tasks.o
                0x0800e0b8                vTaskSuspendAll
 .text.xTaskResumeAll
                0x0800e0d4      0x13c ./Middlewares/Third_Party/FreeRTOS/Source/tasks.o
                0x0800e0d4                xTaskResumeAll
 .text.xTaskGetTickCount
                0x0800e210       0x20 ./Middlewares/Third_Party/FreeRTOS/Source/tasks.o
                0x0800e210                xTaskGetTickCount
 .text.xTaskGetTickCountFromISR
                0x0800e230       0x24 ./Middlewares/Third_Party/FreeRTOS/Source/tasks.o
                0x0800e230                xTaskGetTickCountFromISR
 .text.xTaskIncrementTick
                0x0800e254      0x174 ./Middlewares/Third_Party/FreeRTOS/Source/tasks.o
                0x0800e254                xTaskIncrementTick
 .text.vTaskSwitchContext
                0x0800e3c8       0xcc ./Middlewares/Third_Party/FreeRTOS/Source/tasks.o
                0x0800e3c8                vTaskSwitchContext
 .text.vTaskPlaceOnEventList
                0x0800e494       0x4c ./Middlewares/Third_Party/FreeRTOS/Source/tasks.o
                0x0800e494                vTaskPlaceOnEventList
 .text.vTaskPlaceOnEventListRestricted
                0x0800e4e0       0x58 ./Middlewares/Third_Party/FreeRTOS/Source/tasks.o
                0x0800e4e0                vTaskPlaceOnEventListRestricted
 .text.xTaskRemoveFromEventList
                0x0800e538       0xc8 ./Middlewares/Third_Party/FreeRTOS/Source/tasks.o
                0x0800e538                xTaskRemoveFromEventList
 .text.vTaskInternalSetTimeOutState
                0x0800e600       0x2c ./Middlewares/Third_Party/FreeRTOS/Source/tasks.o
                0x0800e600                vTaskInternalSetTimeOutState
 .text.xTaskCheckForTimeOut
                0x0800e62c       0xc8 ./Middlewares/Third_Party/FreeRTOS/Source/tasks.o
                0x0800e62c                xTaskCheckForTimeOut
 .text.vTaskMissedYield
                0x0800e6f4       0x18 ./Middlewares/Third_Party/FreeRTOS/Source/tasks.o
                0x0800e6f4                vTaskMissedYield
 .text.prvIdleTask
                0x0800e70c       0x30 ./Middlewares/Third_Party/FreeRTOS/Source/tasks.o
 .text.prvInitialiseTaskLists
                0x0800e73c       0x80 ./Middlewares/Third_Party/FreeRTOS/Source/tasks.o
 .text.prvCheckTasksWaitingTermination
                0x0800e7bc       0x5c ./Middlewares/Third_Party/FreeRTOS/Source/tasks.o
 .text.prvTaskCheckFreeStackSpace
                0x0800e818       0x38 ./Middlewares/Third_Party/FreeRTOS/Source/tasks.o
 .text.uxTaskGetStackHighWaterMark
                0x0800e850       0x38 ./Middlewares/Third_Party/FreeRTOS/Source/tasks.o
                0x0800e850                uxTaskGetStackHighWaterMark
 .text.prvDeleteTCB
                0x0800e888       0x6a ./Middlewares/Third_Party/FreeRTOS/Source/tasks.o
 *fill*         0x0800e8f2        0x2 
 .text.prvResetNextTaskUnblockTime
                0x0800e8f4       0x40 ./Middlewares/Third_Party/FreeRTOS/Source/tasks.o
 .text.xTaskGetSchedulerState
                0x0800e934       0x3c ./Middlewares/Third_Party/FreeRTOS/Source/tasks.o
                0x0800e934                xTaskGetSchedulerState
 .text.xTaskPriorityDisinherit
                0x0800e970       0xe0 ./Middlewares/Third_Party/FreeRTOS/Source/tasks.o
                0x0800e970                xTaskPriorityDisinherit
 .text.xTaskNotifyWait
                0x0800ea50       0xc0 ./Middlewares/Third_Party/FreeRTOS/Source/tasks.o
                0x0800ea50                xTaskNotifyWait
 .text.xTaskGenericNotify
                0x0800eb10      0x184 ./Middlewares/Third_Party/FreeRTOS/Source/tasks.o
                0x0800eb10                xTaskGenericNotify
 .text.xTaskGenericNotifyFromISR
                0x0800ec94      0x1cc ./Middlewares/Third_Party/FreeRTOS/Source/tasks.o
                0x0800ec94                xTaskGenericNotifyFromISR
 .text.prvAddCurrentTaskToDelayedList
                0x0800ee60       0xa8 ./Middlewares/Third_Party/FreeRTOS/Source/tasks.o
 .text.xTimerCreateTimerTask
                0x0800ef08       0x94 ./Middlewares/Third_Party/FreeRTOS/Source/timers.o
                0x0800ef08                xTimerCreateTimerTask
 .text.xTimerGenericCommand
                0x0800ef9c       0x9c ./Middlewares/Third_Party/FreeRTOS/Source/timers.o
                0x0800ef9c                xTimerGenericCommand
 .text.prvProcessExpiredTimer
                0x0800f038       0x9c ./Middlewares/Third_Party/FreeRTOS/Source/timers.o
 .text.prvTimerTask
                0x0800f0d4       0x26 ./Middlewares/Third_Party/FreeRTOS/Source/timers.o
 *fill*         0x0800f0fa        0x2 
 .text.prvProcessTimerOrBlockTask
                0x0800f0fc       0x9c ./Middlewares/Third_Party/FreeRTOS/Source/timers.o
 .text.prvGetNextExpireTime
                0x0800f198       0x48 ./Middlewares/Third_Party/FreeRTOS/Source/timers.o
 .text.prvSampleTimeNow
                0x0800f1e0       0x40 ./Middlewares/Third_Party/FreeRTOS/Source/timers.o
 .text.prvInsertTimerInActiveList
                0x0800f220       0x84 ./Middlewares/Third_Party/FreeRTOS/Source/timers.o
 .text.prvProcessReceivedCommands
                0x0800f2a4      0x1cc ./Middlewares/Third_Party/FreeRTOS/Source/timers.o
 .text.prvSwitchTimerLists
                0x0800f470       0xcc ./Middlewares/Third_Party/FreeRTOS/Source/timers.o
 .text.prvCheckForValidListAndQueue
                0x0800f53c       0x80 ./Middlewares/Third_Party/FreeRTOS/Source/timers.o
 .text.pxPortInitialiseStack
                0x0800f5bc       0x68 ./Middlewares/Third_Party/FreeRTOS/Source/portable/GCC/ARM_CM4F/port.o
                0x0800f5bc                pxPortInitialiseStack
 .text.prvTaskExitError
                0x0800f624       0x5c ./Middlewares/Third_Party/FreeRTOS/Source/portable/GCC/ARM_CM4F/port.o
 .text.SVC_Handler
                0x0800f680       0x28 ./Middlewares/Third_Party/FreeRTOS/Source/portable/GCC/ARM_CM4F/port.o
                0x0800f680                SVC_Handler
 .text.prvPortStartFirstTask
                0x0800f6a8       0x28 ./Middlewares/Third_Party/FreeRTOS/Source/portable/GCC/ARM_CM4F/port.o
 .text.xPortStartScheduler
                0x0800f6d0      0x148 ./Middlewares/Third_Party/FreeRTOS/Source/portable/GCC/ARM_CM4F/port.o
                0x0800f6d0                xPortStartScheduler
 .text.vPortEnterCritical
                0x0800f818       0x64 ./Middlewares/Third_Party/FreeRTOS/Source/portable/GCC/ARM_CM4F/port.o
                0x0800f818                vPortEnterCritical
 .text.vPortExitCritical
                0x0800f87c       0x54 ./Middlewares/Third_Party/FreeRTOS/Source/portable/GCC/ARM_CM4F/port.o
                0x0800f87c                vPortExitCritical
 .text.PendSV_Handler
                0x0800f8d0       0x68 ./Middlewares/Third_Party/FreeRTOS/Source/portable/GCC/ARM_CM4F/port.o
                0x0800f8d0                PendSV_Handler
 .text.xPortSysTickHandler
                0x0800f938       0x44 ./Middlewares/Third_Party/FreeRTOS/Source/portable/GCC/ARM_CM4F/port.o
                0x0800f938                xPortSysTickHandler
 .text.vPortSetupTimerInterrupt
                0x0800f97c       0x48 ./Middlewares/Third_Party/FreeRTOS/Source/portable/GCC/ARM_CM4F/port.o
                0x0800f97c                vPortSetupTimerInterrupt
 .text.vPortEnableVFP
                0x0800f9c4       0x14 ./Middlewares/Third_Party/FreeRTOS/Source/portable/GCC/ARM_CM4F/port.o
 .text.vPortValidateInterruptPriority
                0x0800f9d8       0x84 ./Middlewares/Third_Party/FreeRTOS/Source/portable/GCC/ARM_CM4F/port.o
                0x0800f9d8                vPortValidateInterruptPriority
 .text.pvPortMalloc
                0x0800fa5c      0x19c ./Middlewares/Third_Party/FreeRTOS/Source/portable/MemMang/heap_4.o
                0x0800fa5c                pvPortMalloc
 .text.vPortFree
                0x0800fbf8       0xc8 ./Middlewares/Third_Party/FreeRTOS/Source/portable/MemMang/heap_4.o
                0x0800fbf8                vPortFree
 .text.prvHeapInit
                0x0800fcc0       0xc4 ./Middlewares/Third_Party/FreeRTOS/Source/portable/MemMang/heap_4.o
 .text.prvInsertBlockIntoFreeList
                0x0800fd84       0xb4 ./Middlewares/Third_Party/FreeRTOS/Source/portable/MemMang/heap_4.o
 .text.UART_DMA_Init
                0x0800fe38       0x24 ./Platform/Src/UartDma.o
                0x0800fe38                UART_DMA_Init
 .text.UART_DMA_IsBusy
                0x0800fe5c       0x18 ./Platform/Src/UartDma.o
                0x0800fe5c                UART_DMA_IsBusy
 .text.UART_DMA_Send
                0x0800fe74       0xe4 ./Platform/Src/UartDma.o
                0x0800fe74                UART_DMA_Send
 .text.HAL_UART_TxCpltCallback
                0x0800ff58       0x34 ./Platform/Src/UartDma.o
                0x0800ff58                HAL_UART_TxCpltCallback
 .text.UartStatus_Init
                0x0800ff8c       0x2c ./Platform/Src/UartStatusService.o
                0x0800ff8c                UartStatus_Init
 .text.UartStatus_OnRxEvent
                0x0800ffb8       0x30 ./Platform/Src/UartStatusService.o
                0x0800ffb8                UartStatus_OnRxEvent
 .text.UartStatus_AddOverflow
                0x0800ffe8       0x1c ./Platform/Src/UartStatusService.o
                0x0800ffe8                UartStatus_AddOverflow
 .text.UartStatus_GetSnapshot
                0x08010004       0x48 ./Platform/Src/UartStatusService.o
                0x08010004                UartStatus_GetSnapshot
 .text.CLI_Tokenize
                0x0801004c       0xb6 ./Service/Src/CliServices.o
 *fill*         0x08010102        0x2 
 .text.CLI_SendSensorControl
                0x08010104       0x44 ./Service/Src/CliServices.o
 .text.CLI_PrintSensorHealthSnapshot
                0x08010148       0xb4 ./Service/Src/CliServices.o
 .text.CLI_SendBuzzerControl
                0x080101fc       0x44 ./Service/Src/CliServices.o
 .text.CLI_Init
                0x08010240       0x18 ./Service/Src/CliServices.o
                0x08010240                CLI_Init
 .text.CLI_ProcessLine
                0x08010258       0xa4 ./Service/Src/CliServices.o
                0x08010258                CLI_ProcessLine
 .text.CLI_HandleHelp
                0x080102fc       0x68 ./Service/Src/CliServices.o
 .text.CLI_HandleStatus
                0x08010364       0xbc ./Service/Src/CliServices.o
 .text.CLI_HandleSensor
                0x08010420       0xf8 ./Service/Src/CliServices.o
 .text.CLI_HandleQueue
                0x08010518       0xcc ./Service/Src/CliServices.o
 .text.CLI_HandleBuzzer
                0x080105e4      0x1b4 ./Service/Src/CliServices.o
 .text.CLI_HandleThreshold
                0x08010798       0xe8 ./Service/Src/CliServices.o
 .text.CLI_HandleUart
                0x08010880       0x88 ./Service/Src/CliServices.o
 .text.CLI_HandleLog
                0x08010908      0x13c ./Service/Src/CliServices.o
 .text.CLI_HandleTask
                0x08010a44       0x90 ./Service/Src/CliServices.o
 .text.CLI_PrintSystemErrorSnapshot
                0x08010ad4       0xb4 ./Service/Src/CliServices.o
 .text.CLI_HandleError
                0x08010b88       0x80 ./Service/Src/CliServices.o
 .text.CLI_HandleMonitor
                0x08010c08      0x1f8 ./Service/Src/CliServices.o
 .text.DebugControl_Init
                0x08010e00       0x18 ./Service/Src/DebugControlService.o
                0x08010e00                DebugControl_Init
 .text.DebugControl_SetLogEnable
                0x08010e18       0x2c ./Service/Src/DebugControlService.o
                0x08010e18                DebugControl_SetLogEnable
 .text.DebugControl_IsLogEnable
                0x08010e44       0x18 ./Service/Src/DebugControlService.o
                0x08010e44                DebugControl_IsLogEnable
 .text.DebugControl_GetSnapshot
                0x08010e5c       0x30 ./Service/Src/DebugControlService.o
                0x08010e5c                DebugControl_GetSnapshot
 .text.Debug_GetFreeSpace
                0x08010e8c       0x54 ./Service/Src/DebugService.o
 .text.WriteBuffer
                0x08010ee0       0x80 ./Service/Src/DebugService.o
 .text.Debug_Init
                0x08010f60       0x24 ./Service/Src/DebugService.o
                0x08010f60                Debug_Init
 .text.Debug_Print
                0x08010f84       0x56 ./Service/Src/DebugService.o
                0x08010f84                Debug_Print
 *fill*         0x08010fda        0x2 
 .text.Debug_Process
                0x08010fdc       0x9c ./Service/Src/DebugService.o
                0x08010fdc                Debug_Process
 .text.QueueStatus_Register
                0x08011078       0x44 ./Service/Src/QueueStatusService.o
                0x08011078                QueueStatus_Register
 .text.QueueStatus_GetSnapshot
                0x080110bc      0x114 ./Service/Src/QueueStatusService.o
                0x080110bc                QueueStatus_GetSnapshot
 .text.RingBuffer_Init
                0x080111d0       0x2e ./Service/Src/RingBuffer.o
                0x080111d0                RingBuffer_Init
 .text.RingBuffer_ReadByte
                0x080111fe       0x60 ./Service/Src/RingBuffer.o
                0x080111fe                RingBuffer_ReadByte
 .text.RingBuffer_WriteByte
                0x0801125e       0x5a ./Service/Src/RingBuffer.o
                0x0801125e                RingBuffer_WriteByte
 .text.SystemHealth_Init
                0x080112b8       0x18 ./Service/Src/SystemHealthService.o
                0x080112b8                SystemHealth_Init
 .text.SystemHealth_Reset
                0x080112d0       0x18 ./Service/Src/SystemHealthService.o
                0x080112d0                SystemHealth_Reset
 .text.SystemHealth_GetSnapshot
                0x080112e8       0x2c ./Service/Src/SystemHealthService.o
                0x080112e8                SystemHealth_GetSnapshot
 .text.SystemHealth_RecordSensorReadFail
                0x08011314       0x1c ./Service/Src/SystemHealthService.o
                0x08011314                SystemHealth_RecordSensorReadFail
 .text.SystemHealth_RecordSensorDataReadyTimeout
                0x08011330       0x1c ./Service/Src/SystemHealthService.o
                0x08011330                SystemHealth_RecordSensorDataReadyTimeout
 .text.SystemHealth_RecordSensorReconnect
                0x0801134c       0x1c ./Service/Src/SystemHealthService.o
                0x0801134c                SystemHealth_RecordSensorReconnect
 .text.SystemHealth_RecordSensorReconnectFail
                0x08011368       0x1c ./Service/Src/SystemHealthService.o
                0x08011368                SystemHealth_RecordSensorReconnectFail
 .text.SystemHealth_RecordI2cError
                0x08011384       0x1c ./Service/Src/SystemHealthService.o
                0x08011384                SystemHealth_RecordI2cError
 .text.SystemHealth_RecordI2cTimeout
                0x080113a0       0x1c ./Service/Src/SystemHealthService.o
                0x080113a0                SystemHealth_RecordI2cTimeout
 .text.SystemHealth_RecordQueueOverflow
                0x080113bc       0x1c ./Service/Src/SystemHealthService.o
                0x080113bc                SystemHealth_RecordQueueOverflow
 .text.SystemHealth_RecordUartRxOverflow
                0x080113d8       0x1c ./Service/Src/SystemHealthService.o
                0x080113d8                SystemHealth_RecordUartRxOverflow
 .text.TaskMonitor_Init
                0x080113f4       0x2c ./Service/Src/TaskMonitorService.o
                0x080113f4                TaskMonitor_Init
 .text.TaskMonitor_Register
                0x08011420       0x38 ./Service/Src/TaskMonitorService.o
                0x08011420                TaskMonitor_Register
 .text.TaskMonitor_GetSnapshot
                0x08011458       0x84 ./Service/Src/TaskMonitorService.o
                0x08011458                TaskMonitor_GetSnapshot
 .text.VL53L1X_SensorInit
                0x080114dc      0x104 ./VL53L1X ToF/Src/VL53L1X_api.o
                0x080114dc                VL53L1X_SensorInit
 .text.VL53L1X_ClearInterrupt
                0x080115e0       0x32 ./VL53L1X ToF/Src/VL53L1X_api.o
                0x080115e0                VL53L1X_ClearInterrupt
 .text.VL53L1X_SetInterruptPolarity
                0x08011612       0x76 ./VL53L1X ToF/Src/VL53L1X_api.o
                0x08011612                VL53L1X_SetInterruptPolarity
 .text.VL53L1X_GetInterruptPolarity
                0x08011688       0x56 ./VL53L1X ToF/Src/VL53L1X_api.o
                0x08011688                VL53L1X_GetInterruptPolarity
 .text.VL53L1X_StartRanging
                0x080116de       0x32 ./VL53L1X ToF/Src/VL53L1X_api.o
                0x080116de                VL53L1X_StartRanging
 .text.VL53L1X_StopRanging
                0x08011710       0x32 ./VL53L1X ToF/Src/VL53L1X_api.o
                0x08011710                VL53L1X_StopRanging
 .text.VL53L1X_CheckForDataReady
                0x08011742       0x6e ./VL53L1X ToF/Src/VL53L1X_api.o
                0x08011742                VL53L1X_CheckForDataReady
 .text.VL53L1X_SetTimingBudgetInMs
                0x080117b0      0x22a ./VL53L1X ToF/Src/VL53L1X_api.o
                0x080117b0                VL53L1X_SetTimingBudgetInMs
 .text.VL53L1X_GetTimingBudgetInMs
                0x080119da      0x10c ./VL53L1X ToF/Src/VL53L1X_api.o
                0x080119da                VL53L1X_GetTimingBudgetInMs
 .text.VL53L1X_SetDistanceMode
                0x08011ae6      0x13a ./VL53L1X ToF/Src/VL53L1X_api.o
                0x08011ae6                VL53L1X_SetDistanceMode
 .text.VL53L1X_GetDistanceMode
                0x08011c20       0x4e ./VL53L1X ToF/Src/VL53L1X_api.o
                0x08011c20                VL53L1X_GetDistanceMode
 *fill*         0x08011c6e        0x2 
 .text.VL53L1X_SetInterMeasurementInMs
                0x08011c70       0x78 ./VL53L1X ToF/Src/VL53L1X_api.o
                0x08011c70                VL53L1X_SetInterMeasurementInMs
 .text.VL53L1X_BootState
                0x08011ce8       0x40 ./VL53L1X ToF/Src/VL53L1X_api.o
                0x08011ce8                VL53L1X_BootState
 .text.VL53L1X_GetDistance
                0x08011d28       0x3c ./VL53L1X ToF/Src/VL53L1X_api.o
                0x08011d28                VL53L1X_GetDistance
 .text.VL53L1X_I2C_GetTickSafe
                0x08011d64       0x20 ./VL53L1X ToF/Src/VL53L1_platform.o
 .text.VL53L1X_I2C_LogReadErrorThrottled
                0x08011d84       0x58 ./VL53L1X ToF/Src/VL53L1_platform.o
 .text.VL53L1X_I2C_LogWriteErrorThrottled
                0x08011ddc       0x58 ./VL53L1X ToF/Src/VL53L1_platform.o
 .text.VL53L1_WriteMulti
                0x08011e34       0x64 ./VL53L1X ToF/Src/VL53L1_platform.o
                0x08011e34                VL53L1_WriteMulti
 .text.VL53L1_ReadMulti
                0x08011e98       0x64 ./VL53L1X ToF/Src/VL53L1_platform.o
                0x08011e98                VL53L1_ReadMulti
 .text.VL53L1_WrByte
                0x08011efc       0x28 ./VL53L1X ToF/Src/VL53L1_platform.o
                0x08011efc                VL53L1_WrByte
 .text.VL53L1_WrWord
                0x08011f24       0x3a ./VL53L1X ToF/Src/VL53L1_platform.o
                0x08011f24                VL53L1_WrWord
 .text.VL53L1_WrDWord
                0x08011f5e       0x46 ./VL53L1X ToF/Src/VL53L1_platform.o
                0x08011f5e                VL53L1_WrDWord
 .text.VL53L1_RdByte
                0x08011fa4       0x26 ./VL53L1X ToF/Src/VL53L1_platform.o
                0x08011fa4                VL53L1_RdByte
 .text.VL53L1_RdWord
                0x08011fca       0x50 ./VL53L1X ToF/Src/VL53L1_platform.o
                0x08011fca                VL53L1_RdWord
 .text.VL53L1_WaitMs
                0x0801201a       0x3c ./VL53L1X ToF/Src/VL53L1_platform.o
                0x0801201a                VL53L1_WaitMs
 *fill*         0x08012056        0x2 
 .text.VL53L1_HardReset
                0x08012058       0x30 ./VL53L1X ToF/Src/VL53L1_platform.o
                0x08012058                VL53L1_HardReset
 .text.std      0x08012088       0x6c C:/ST/STM32CubeIDE_1.19.0/STM32CubeIDE/plugins/com.st.stm32cube.ide.mcu.externaltools.gnu-tools-for-stm32.13.3.rel1.win32_1.0.0.202411081344/tools/bin/../lib/gcc/arm-none-eabi/13.3.1/../../../../arm-none-eabi/lib/thumb/v7e-m+dp/hard\libc_nano.a(libc_a-findfp.o)
 .text.stdio_exit_handler
                0x080120f4       0x18 C:/ST/STM32CubeIDE_1.19.0/STM32CubeIDE/plugins/com.st.stm32cube.ide.mcu.externaltools.gnu-tools-for-stm32.13.3.rel1.win32_1.0.0.202411081344/tools/bin/../lib/gcc/arm-none-eabi/13.3.1/../../../../arm-none-eabi/lib/thumb/v7e-m+dp/hard\libc_nano.a(libc_a-findfp.o)
 .text.cleanup_stdio
                0x0801210c       0x40 C:/ST/STM32CubeIDE_1.19.0/STM32CubeIDE/plugins/com.st.stm32cube.ide.mcu.externaltools.gnu-tools-for-stm32.13.3.rel1.win32_1.0.0.202411081344/tools/bin/../lib/gcc/arm-none-eabi/13.3.1/../../../../arm-none-eabi/lib/thumb/v7e-m+dp/hard\libc_nano.a(libc_a-findfp.o)
 .text.global_stdio_init.part.0
                0x0801214c       0x3c C:/ST/STM32CubeIDE_1.19.0/STM32CubeIDE/plugins/com.st.stm32cube.ide.mcu.externaltools.gnu-tools-for-stm32.13.3.rel1.win32_1.0.0.202411081344/tools/bin/../lib/gcc/arm-none-eabi/13.3.1/../../../../arm-none-eabi/lib/thumb/v7e-m+dp/hard\libc_nano.a(libc_a-findfp.o)
 .text.__sfp_lock_acquire
                0x08012188        0xc C:/ST/STM32CubeIDE_1.19.0/STM32CubeIDE/plugins/com.st.stm32cube.ide.mcu.externaltools.gnu-tools-for-stm32.13.3.rel1.win32_1.0.0.202411081344/tools/bin/../lib/gcc/arm-none-eabi/13.3.1/../../../../arm-none-eabi/lib/thumb/v7e-m+dp/hard\libc_nano.a(libc_a-findfp.o)
                0x08012188                __sfp_lock_acquire
 .text.__sfp_lock_release
                0x08012194        0xc C:/ST/STM32CubeIDE_1.19.0/STM32CubeIDE/plugins/com.st.stm32cube.ide.mcu.externaltools.gnu-tools-for-stm32.13.3.rel1.win32_1.0.0.202411081344/tools/bin/../lib/gcc/arm-none-eabi/13.3.1/../../../../arm-none-eabi/lib/thumb/v7e-m+dp/hard\libc_nano.a(libc_a-findfp.o)
                0x08012194                __sfp_lock_release
 .text.__sinit  0x080121a0       0x30 C:/ST/STM32CubeIDE_1.19.0/STM32CubeIDE/plugins/com.st.stm32cube.ide.mcu.externaltools.gnu-tools-for-stm32.13.3.rel1.win32_1.0.0.202411081344/tools/bin/../lib/gcc/arm-none-eabi/13.3.1/../../../../arm-none-eabi/lib/thumb/v7e-m+dp/hard\libc_nano.a(libc_a-findfp.o)
                0x080121a0                __sinit
 .text._fwalk_sglue
                0x080121d0       0x3c C:/ST/STM32CubeIDE_1.19.0/STM32CubeIDE/plugins/com.st.stm32cube.ide.mcu.externaltools.gnu-tools-for-stm32.13.3.rel1.win32_1.0.0.202411081344/tools/bin/../lib/gcc/arm-none-eabi/13.3.1/../../../../arm-none-eabi/lib/thumb/v7e-m+dp/hard\libc_nano.a(libc_a-fwalk.o)
                0x080121d0                _fwalk_sglue
 .text._puts_r  0x0801220c       0xaa C:/ST/STM32CubeIDE_1.19.0/STM32CubeIDE/plugins/com.st.stm32cube.ide.mcu.externaltools.gnu-tools-for-stm32.13.3.rel1.win32_1.0.0.202411081344/tools/bin/../lib/gcc/arm-none-eabi/13.3.1/../../../../arm-none-eabi/lib/thumb/v7e-m+dp/hard\libc_nano.a(libc_a-puts.o)
                0x0801220c                _puts_r
 *fill*         0x080122b6        0x2 
 .text.puts     0x080122b8       0x10 C:/ST/STM32CubeIDE_1.19.0/STM32CubeIDE/plugins/com.st.stm32cube.ide.mcu.externaltools.gnu-tools-for-stm32.13.3.rel1.win32_1.0.0.202411081344/tools/bin/../lib/gcc/arm-none-eabi/13.3.1/../../../../arm-none-eabi/lib/thumb/v7e-m+dp/hard\libc_nano.a(libc_a-puts.o)
                0x080122b8                puts
 .text.__sread  0x080122c8       0x22 C:/ST/STM32CubeIDE_1.19.0/STM32CubeIDE/plugins/com.st.stm32cube.ide.mcu.externaltools.gnu-tools-for-stm32.13.3.rel1.win32_1.0.0.202411081344/tools/bin/../lib/gcc/arm-none-eabi/13.3.1/../../../../arm-none-eabi/lib/thumb/v7e-m+dp/hard\libc_nano.a(libc_a-stdio.o)
                0x080122c8                __sread
 .text.__swrite
                0x080122ea       0x38 C:/ST/STM32CubeIDE_1.19.0/STM32CubeIDE/plugins/com.st.stm32cube.ide.mcu.externaltools.gnu-tools-for-stm32.13.3.rel1.win32_1.0.0.202411081344/tools/bin/../lib/gcc/arm-none-eabi/13.3.1/../../../../arm-none-eabi/lib/thumb/v7e-m+dp/hard\libc_nano.a(libc_a-stdio.o)
                0x080122ea                __swrite
 .text.__sseek  0x08012322       0x24 C:/ST/STM32CubeIDE_1.19.0/STM32CubeIDE/plugins/com.st.stm32cube.ide.mcu.externaltools.gnu-tools-for-stm32.13.3.rel1.win32_1.0.0.202411081344/tools/bin/../lib/gcc/arm-none-eabi/13.3.1/../../../../arm-none-eabi/lib/thumb/v7e-m+dp/hard\libc_nano.a(libc_a-stdio.o)
                0x08012322                __sseek
 .text.__sclose
                0x08012346        0x8 C:/ST/STM32CubeIDE_1.19.0/STM32CubeIDE/plugins/com.st.stm32cube.ide.mcu.externaltools.gnu-tools-for-stm32.13.3.rel1.win32_1.0.0.202411081344/tools/bin/../lib/gcc/arm-none-eabi/13.3.1/../../../../arm-none-eabi/lib/thumb/v7e-m+dp/hard\libc_nano.a(libc_a-stdio.o)
                0x08012346                __sclose
 .text._vsnprintf_r
                0x0801234e       0x5c C:/ST/STM32CubeIDE_1.19.0/STM32CubeIDE/plugins/com.st.stm32cube.ide.mcu.externaltools.gnu-tools-for-stm32.13.3.rel1.win32_1.0.0.202411081344/tools/bin/../lib/gcc/arm-none-eabi/13.3.1/../../../../arm-none-eabi/lib/thumb/v7e-m+dp/hard\libc_nano.a(libc_a-vsnprintf.o)
                0x0801234e                _vsniprintf_r
                0x0801234e                _vsnprintf_r
 *fill*         0x080123aa        0x2 
 .text.vsnprintf
                0x080123ac       0x1c C:/ST/STM32CubeIDE_1.19.0/STM32CubeIDE/plugins/com.st.stm32cube.ide.mcu.externaltools.gnu-tools-for-stm32.13.3.rel1.win32_1.0.0.202411081344/tools/bin/../lib/gcc/arm-none-eabi/13.3.1/../../../../arm-none-eabi/lib/thumb/v7e-m+dp/hard\libc_nano.a(libc_a-vsnprintf.o)
                0x080123ac                vsniprintf
                0x080123ac                vsnprintf
 .text.__swbuf_r
                0x080123c8       0x7c C:/ST/STM32CubeIDE_1.19.0/STM32CubeIDE/plugins/com.st.stm32cube.ide.mcu.externaltools.gnu-tools-for-stm32.13.3.rel1.win32_1.0.0.202411081344/tools/bin/../lib/gcc/arm-none-eabi/13.3.1/../../../../arm-none-eabi/lib/thumb/v7e-m+dp/hard\libc_nano.a(libc_a-wbuf.o)
                0x080123c8                __swbuf_r
 .text.__swsetup_r
                0x08012444       0xac C:/ST/STM32CubeIDE_1.19.0/STM32CubeIDE/plugins/com.st.stm32cube.ide.mcu.externaltools.gnu-tools-for-stm32.13.3.rel1.win32_1.0.0.202411081344/tools/bin/../lib/gcc/arm-none-eabi/13.3.1/../../../../arm-none-eabi/lib/thumb/v7e-m+dp/hard\libc_nano.a(libc_a-wsetup.o)
                0x08012444                __swsetup_r
 .text.memset   0x080124f0       0x10 C:/ST/STM32CubeIDE_1.19.0/STM32CubeIDE/plugins/com.st.stm32cube.ide.mcu.externaltools.gnu-tools-for-stm32.13.3.rel1.win32_1.0.0.202411081344/tools/bin/../lib/gcc/arm-none-eabi/13.3.1/../../../../arm-none-eabi/lib/thumb/v7e-m+dp/hard\libc_nano.a(libc_a-memset.o)
                0x080124f0                memset
 .text._close_r
                0x08012500       0x20 C:/ST/STM32CubeIDE_1.19.0/STM32CubeIDE/plugins/com.st.stm32cube.ide.mcu.externaltools.gnu-tools-for-stm32.13.3.rel1.win32_1.0.0.202411081344/tools/bin/../lib/gcc/arm-none-eabi/13.3.1/../../../../arm-none-eabi/lib/thumb/v7e-m+dp/hard\libc_nano.a(libc_a-closer.o)
                0x08012500                _close_r
 .text._reclaim_reent
                0x08012520       0xbc C:/ST/STM32CubeIDE_1.19.0/STM32CubeIDE/plugins/com.st.stm32cube.ide.mcu.externaltools.gnu-tools-for-stm32.13.3.rel1.win32_1.0.0.202411081344/tools/bin/../lib/gcc/arm-none-eabi/13.3.1/../../../../arm-none-eabi/lib/thumb/v7e-m+dp/hard\libc_nano.a(libc_a-reent.o)
                0x08012520                _reclaim_reent
 .text._lseek_r
                0x080125dc       0x24 C:/ST/STM32CubeIDE_1.19.0/STM32CubeIDE/plugins/com.st.stm32cube.ide.mcu.externaltools.gnu-tools-for-stm32.13.3.rel1.win32_1.0.0.202411081344/tools/bin/../lib/gcc/arm-none-eabi/13.3.1/../../../../arm-none-eabi/lib/thumb/v7e-m+dp/hard\libc_nano.a(libc_a-lseekr.o)
                0x080125dc                _lseek_r
 .text._read_r  0x08012600       0x24 C:/ST/STM32CubeIDE_1.19.0/STM32CubeIDE/plugins/com.st.stm32cube.ide.mcu.externaltools.gnu-tools-for-stm32.13.3.rel1.win32_1.0.0.202411081344/tools/bin/../lib/gcc/arm-none-eabi/13.3.1/../../../../arm-none-eabi/lib/thumb/v7e-m+dp/hard\libc_nano.a(libc_a-readr.o)
                0x08012600                _read_r
 .text._write_r
                0x08012624       0x24 C:/ST/STM32CubeIDE_1.19.0/STM32CubeIDE/plugins/com.st.stm32cube.ide.mcu.externaltools.gnu-tools-for-stm32.13.3.rel1.win32_1.0.0.202411081344/tools/bin/../lib/gcc/arm-none-eabi/13.3.1/../../../../arm-none-eabi/lib/thumb/v7e-m+dp/hard\libc_nano.a(libc_a-writer.o)
                0x08012624                _write_r
 .text.__errno  0x08012648        0xc C:/ST/STM32CubeIDE_1.19.0/STM32CubeIDE/plugins/com.st.stm32cube.ide.mcu.externaltools.gnu-tools-for-stm32.13.3.rel1.win32_1.0.0.202411081344/tools/bin/../lib/gcc/arm-none-eabi/13.3.1/../../../../arm-none-eabi/lib/thumb/v7e-m+dp/hard\libc_nano.a(libc_a-errno.o)
                0x08012648                __errno
 .text.__libc_init_array
                0x08012654       0x48 C:/ST/STM32CubeIDE_1.19.0/STM32CubeIDE/plugins/com.st.stm32cube.ide.mcu.externaltools.gnu-tools-for-stm32.13.3.rel1.win32_1.0.0.202411081344/tools/bin/../lib/gcc/arm-none-eabi/13.3.1/../../../../arm-none-eabi/lib/thumb/v7e-m+dp/hard\libc_nano.a(libc_a-init.o)
                0x08012654                __libc_init_array
 .text.__retarget_lock_init_recursive
                0x0801269c        0x2 C:/ST/STM32CubeIDE_1.19.0/STM32CubeIDE/plugins/com.st.stm32cube.ide.mcu.externaltools.gnu-tools-for-stm32.13.3.rel1.win32_1.0.0.202411081344/tools/bin/../lib/gcc/arm-none-eabi/13.3.1/../../../../arm-none-eabi/lib/thumb/v7e-m+dp/hard\libc_nano.a(libc_a-lock.o)
                0x0801269c                __retarget_lock_init_recursive
 .text.__retarget_lock_acquire_recursive
                0x0801269e        0x2 C:/ST/STM32CubeIDE_1.19.0/STM32CubeIDE/plugins/com.st.stm32cube.ide.mcu.externaltools.gnu-tools-for-stm32.13.3.rel1.win32_1.0.0.202411081344/tools/bin/../lib/gcc/arm-none-eabi/13.3.1/../../../../arm-none-eabi/lib/thumb/v7e-m+dp/hard\libc_nano.a(libc_a-lock.o)
                0x0801269e                __retarget_lock_acquire_recursive
 .text.__retarget_lock_release_recursive
                0x080126a0        0x2 C:/ST/STM32CubeIDE_1.19.0/STM32CubeIDE/plugins/com.st.stm32cube.ide.mcu.externaltools.gnu-tools-for-stm32.13.3.rel1.win32_1.0.0.202411081344/tools/bin/../lib/gcc/arm-none-eabi/13.3.1/../../../../arm-none-eabi/lib/thumb/v7e-m+dp/hard\libc_nano.a(libc_a-lock.o)
                0x080126a0                __retarget_lock_release_recursive
 .text.memcpy   0x080126a2       0x1c C:/ST/STM32CubeIDE_1.19.0/STM32CubeIDE/plugins/com.st.stm32cube.ide.mcu.externaltools.gnu-tools-for-stm32.13.3.rel1.win32_1.0.0.202411081344/tools/bin/../lib/gcc/arm-none-eabi/13.3.1/../../../../arm-none-eabi/lib/thumb/v7e-m+dp/hard\libc_nano.a(libc_a-memcpy-stub.o)
                0x080126a2                memcpy
 *fill*         0x080126be        0x2 
 .text._free_r  0x080126c0       0x94 C:/ST/STM32CubeIDE_1.19.0/STM32CubeIDE/plugins/com.st.stm32cube.ide.mcu.externaltools.gnu-tools-for-stm32.13.3.rel1.win32_1.0.0.202411081344/tools/bin/../lib/gcc/arm-none-eabi/13.3.1/../../../../arm-none-eabi/lib/thumb/v7e-m+dp/hard\libc_nano.a(libc_a-freer.o)
                0x080126c0                _free_r
 .text.sbrk_aligned
                0x08012754       0x44 C:/ST/STM32CubeIDE_1.19.0/STM32CubeIDE/plugins/com.st.stm32cube.ide.mcu.externaltools.gnu-tools-for-stm32.13.3.rel1.win32_1.0.0.202411081344/tools/bin/../lib/gcc/arm-none-eabi/13.3.1/../../../../arm-none-eabi/lib/thumb/v7e-m+dp/hard\libc_nano.a(libc_a-mallocr.o)
 .text._malloc_r
                0x08012798      0x100 C:/ST/STM32CubeIDE_1.19.0/STM32CubeIDE/plugins/com.st.stm32cube.ide.mcu.externaltools.gnu-tools-for-stm32.13.3.rel1.win32_1.0.0.202411081344/tools/bin/../lib/gcc/arm-none-eabi/13.3.1/../../../../arm-none-eabi/lib/thumb/v7e-m+dp/hard\libc_nano.a(libc_a-mallocr.o)
                0x08012798                _malloc_r
 .text.__malloc_lock
                0x08012898        0xc C:/ST/STM32CubeIDE_1.19.0/STM32CubeIDE/plugins/com.st.stm32cube.ide.mcu.externaltools.gnu-tools-for-stm32.13.3.rel1.win32_1.0.0.202411081344/tools/bin/../lib/gcc/arm-none-eabi/13.3.1/../../../../arm-none-eabi/lib/thumb/v7e-m+dp/hard\libc_nano.a(libc_a-mlock.o)
                0x08012898                __malloc_lock
 .text.__malloc_unlock
                0x080128a4        0xc C:/ST/STM32CubeIDE_1.19.0/STM32CubeIDE/plugins/com.st.stm32cube.ide.mcu.externaltools.gnu-tools-for-stm32.13.3.rel1.win32_1.0.0.202411081344/tools/bin/../lib/gcc/arm-none-eabi/13.3.1/../../../../arm-none-eabi/lib/thumb/v7e-m+dp/hard\libc_nano.a(libc_a-mlock.o)
                0x080128a4                __malloc_unlock
 .text.__ssputs_r
                0x080128b0       0xb6 C:/ST/STM32CubeIDE_1.19.0/STM32CubeIDE/plugins/com.st.stm32cube.ide.mcu.externaltools.gnu-tools-for-stm32.13.3.rel1.win32_1.0.0.202411081344/tools/bin/../lib/gcc/arm-none-eabi/13.3.1/../../../../arm-none-eabi/lib/thumb/v7e-m+dp/hard\libc_nano.a(libc_a-nano-svfprintf.o)
                0x080128b0                __ssputs_r
 *fill*         0x08012966        0x2 
 .text._svfprintf_r
                0x08012968      0x1f8 C:/ST/STM32CubeIDE_1.19.0/STM32CubeIDE/plugins/com.st.stm32cube.ide.mcu.externaltools.gnu-tools-for-stm32.13.3.rel1.win32_1.0.0.202411081344/tools/bin/../lib/gcc/arm-none-eabi/13.3.1/../../../../arm-none-eabi/lib/thumb/v7e-m+dp/hard\libc_nano.a(libc_a-nano-svfprintf.o)
                0x08012968                _svfiprintf_r
                0x08012968                _svfprintf_r
 .text._printf_common
                0x08012b60       0xda C:/ST/STM32CubeIDE_1.19.0/STM32CubeIDE/plugins/com.st.stm32cube.ide.mcu.externaltools.gnu-tools-for-stm32.13.3.rel1.win32_1.0.0.202411081344/tools/bin/../lib/gcc/arm-none-eabi/13.3.1/../../../../arm-none-eabi/lib/thumb/v7e-m+dp/hard\libc_nano.a(libc_a-nano-vfprintf_i.o)
                0x08012b60                _printf_common
 *fill*         0x08012c3a        0x2 
 .text._printf_i
                0x08012c3c      0x23c C:/ST/STM32CubeIDE_1.19.0/STM32CubeIDE/plugins/com.st.stm32cube.ide.mcu.externaltools.gnu-tools-for-stm32.13.3.rel1.win32_1.0.0.202411081344/tools/bin/../lib/gcc/arm-none-eabi/13.3.1/../../../../arm-none-eabi/lib/thumb/v7e-m+dp/hard\libc_nano.a(libc_a-nano-vfprintf_i.o)
                0x08012c3c                _printf_i
 .text.__sflush_r
                0x08012e78      0x108 C:/ST/STM32CubeIDE_1.19.0/STM32CubeIDE/plugins/com.st.stm32cube.ide.mcu.externaltools.gnu-tools-for-stm32.13.3.rel1.win32_1.0.0.202411081344/tools/bin/../lib/gcc/arm-none-eabi/13.3.1/../../../../arm-none-eabi/lib/thumb/v7e-m+dp/hard\libc_nano.a(libc_a-fflush.o)
                0x08012e78                __sflush_r
 .text._fflush_r
                0x08012f80       0x50 C:/ST/STM32CubeIDE_1.19.0/STM32CubeIDE/plugins/com.st.stm32cube.ide.mcu.externaltools.gnu-tools-for-stm32.13.3.rel1.win32_1.0.0.202411081344/tools/bin/../lib/gcc/arm-none-eabi/13.3.1/../../../../arm-none-eabi/lib/thumb/v7e-m+dp/hard\libc_nano.a(libc_a-fflush.o)
                0x08012f80                _fflush_r
 .text.__swhatbuf_r
                0x08012fd0       0x4c C:/ST/STM32CubeIDE_1.19.0/STM32CubeIDE/plugins/com.st.stm32cube.ide.mcu.externaltools.gnu-tools-for-stm32.13.3.rel1.win32_1.0.0.202411081344/tools/bin/../lib/gcc/arm-none-eabi/13.3.1/../../../../arm-none-eabi/lib/thumb/v7e-m+dp/hard\libc_nano.a(libc_a-makebuf.o)
                0x08012fd0                __swhatbuf_r
 .text.__smakebuf_r
                0x0801301c       0x78 C:/ST/STM32CubeIDE_1.19.0/STM32CubeIDE/plugins/com.st.stm32cube.ide.mcu.externaltools.gnu-tools-for-stm32.13.3.rel1.win32_1.0.0.202411081344/tools/bin/../lib/gcc/arm-none-eabi/13.3.1/../../../../arm-none-eabi/lib/thumb/v7e-m+dp/hard\libc_nano.a(libc_a-makebuf.o)
                0x0801301c                __smakebuf_r
 .text.memmove  0x08013094       0x34 C:/ST/STM32CubeIDE_1.19.0/STM32CubeIDE/plugins/com.st.stm32cube.ide.mcu.externaltools.gnu-tools-for-stm32.13.3.rel1.win32_1.0.0.202411081344/tools/bin/../lib/gcc/arm-none-eabi/13.3.1/../../../../arm-none-eabi/lib/thumb/v7e-m+dp/hard\libc_nano.a(libc_a-memmove.o)
                0x08013094                memmove
 .text._fstat_r
                0x080130c8       0x24 C:/ST/STM32CubeIDE_1.19.0/STM32CubeIDE/plugins/com.st.stm32cube.ide.mcu.externaltools.gnu-tools-for-stm32.13.3.rel1.win32_1.0.0.202411081344/tools/bin/../lib/gcc/arm-none-eabi/13.3.1/../../../../arm-none-eabi/lib/thumb/v7e-m+dp/hard\libc_nano.a(libc_a-fstatr.o)
                0x080130c8                _fstat_r
 .text._isatty_r
                0x080130ec       0x20 C:/ST/STM32CubeIDE_1.19.0/STM32CubeIDE/plugins/com.st.stm32cube.ide.mcu.externaltools.gnu-tools-for-stm32.13.3.rel1.win32_1.0.0.202411081344/tools/bin/../lib/gcc/arm-none-eabi/13.3.1/../../../../arm-none-eabi/lib/thumb/v7e-m+dp/hard\libc_nano.a(libc_a-isattyr.o)
                0x080130ec                _isatty_r
 .text._sbrk_r  0x0801310c       0x20 C:/ST/STM32CubeIDE_1.19.0/STM32CubeIDE/plugins/com.st.stm32cube.ide.mcu.externaltools.gnu-tools-for-stm32.13.3.rel1.win32_1.0.0.202411081344/tools/bin/../lib/gcc/arm-none-eabi/13.3.1/../../../../arm-none-eabi/lib/thumb/v7e-m+dp/hard\libc_nano.a(libc_a-sbrkr.o)
                0x0801310c                _sbrk_r
 .text._realloc_r
                0x0801312c       0x5c C:/ST/STM32CubeIDE_1.19.0/STM32CubeIDE/plugins/com.st.stm32cube.ide.mcu.externaltools.gnu-tools-for-stm32.13.3.rel1.win32_1.0.0.202411081344/tools/bin/../lib/gcc/arm-none-eabi/13.3.1/../../../../arm-none-eabi/lib/thumb/v7e-m+dp/hard\libc_nano.a(libc_a-reallocr.o)
                0x0801312c                _realloc_r
 .text._malloc_usable_size_r
                0x08013188       0x10 C:/ST/STM32CubeIDE_1.19.0/STM32CubeIDE/plugins/com.st.stm32cube.ide.mcu.externaltools.gnu-tools-for-stm32.13.3.rel1.win32_1.0.0.202411081344/tools/bin/../lib/gcc/arm-none-eabi/13.3.1/../../../../arm-none-eabi/lib/thumb/v7e-m+dp/hard\libc_nano.a(libc_a-msizer.o)
                0x08013188                _malloc_usable_size_r
 *(.glue_7)
 .glue_7        0x08013198        0x0 linker stubs
 *(.glue_7t)
 .glue_7t       0x08013198        0x0 linker stubs
 *(.eh_frame)
 .eh_frame      0x08013198        0x0 C:/ST/STM32CubeIDE_1.19.0/STM32CubeIDE/plugins/com.st.stm32cube.ide.mcu.externaltools.gnu-tools-for-stm32.13.3.rel1.win32_1.0.0.202411081344/tools/bin/../lib/gcc/arm-none-eabi/13.3.1/thumb/v7e-m+dp/hard/crtbegin.o
 *(.init)
 .init          0x08013198        0x4 C:/ST/STM32CubeIDE_1.19.0/STM32CubeIDE/plugins/com.st.stm32cube.ide.mcu.externaltools.gnu-tools-for-stm32.13.3.rel1.win32_1.0.0.202411081344/tools/bin/../lib/gcc/arm-none-eabi/13.3.1/thumb/v7e-m+dp/hard/crti.o
                0x08013198                _init
 .init          0x0801319c        0x8 C:/ST/STM32CubeIDE_1.19.0/STM32CubeIDE/plugins/com.st.stm32cube.ide.mcu.externaltools.gnu-tools-for-stm32.13.3.rel1.win32_1.0.0.202411081344/tools/bin/../lib/gcc/arm-none-eabi/13.3.1/thumb/v7e-m+dp/hard/crtn.o
 *(.fini)
 .fini          0x080131a4        0x4 C:/ST/STM32CubeIDE_1.19.0/STM32CubeIDE/plugins/com.st.stm32cube.ide.mcu.externaltools.gnu-tools-for-stm32.13.3.rel1.win32_1.0.0.202411081344/tools/bin/../lib/gcc/arm-none-eabi/13.3.1/thumb/v7e-m+dp/hard/crti.o
                0x080131a4                _fini
 .fini          0x080131a8        0x8 C:/ST/STM32CubeIDE_1.19.0/STM32CubeIDE/plugins/com.st.stm32cube.ide.mcu.externaltools.gnu-tools-for-stm32.13.3.rel1.win32_1.0.0.202411081344/tools/bin/../lib/gcc/arm-none-eabi/13.3.1/thumb/v7e-m+dp/hard/crtn.o
                0x080131b0                        . = ALIGN (0x4)
                0x080131b0                        _etext = .

.vfp11_veneer   0x080131b0        0x0
 .vfp11_veneer  0x080131b0        0x0 linker stubs

.v4_bx          0x080131b0        0x0
 .v4_bx         0x080131b0        0x0 linker stubs

.iplt           0x080131b0        0x0
 .iplt          0x080131b0        0x0 C:/ST/STM32CubeIDE_1.19.0/STM32CubeIDE/plugins/com.st.stm32cube.ide.mcu.externaltools.gnu-tools-for-stm32.13.3.rel1.win32_1.0.0.202411081344/tools/bin/../lib/gcc/arm-none-eabi/13.3.1/thumb/v7e-m+dp/hard/crtbegin.o

.rodata         0x080131b0     0x1a30
                0x080131b0                        . = ALIGN (0x4)
 *(.rodata)
 .rodata        0x080131b0       0xd4 ./App/Src/SensorHealthService.o
 .rodata        0x08013284       0x28 ./App/Src/SystemStatusService.o
 .rodata        0x080132ac      0x661 ./Core/Src/freertos.o
 *fill*         0x0801390d        0x3 
 .rodata        0x08013910       0x29 ./Core/Src/main.o
 *fill*         0x08013939        0x3 