../Service/Src/CliServices.c:85:16:CLI_Tokenize	32	static
../Service/Src/CliServices.c:140:13:CLI_SendSensorControl	24	static
../Service/Src/CliServices.c:173:13:CLI_PrintSensorHealthSnapshot	32	static
../Service/Src/CliServices.c:208:13:CLI_SendBuzzerControl	24	static
../Service/Src/CliServices.c:225:6:CLI_Init	8	static
../Service/Src/CliServices.c:252:6:CLI_ProcessLine	40	static
../Service/Src/CliServices.c:284:13:CLI_HandleHelp	24	static
../Service/Src/CliServices.c:301:13:CLI_HandleStatus	32	static
../Service/Src/CliServices.c:326:13:CLI_HandleSensor	32	static
../Service/Src/CliServices.c:377:13:CLI_HandleQueue	56	static
../Service/Src/CliServices.c:412:13:CLI_HandleBuzzer	32	static
../Service/Src/CliServices.c:483:13:CLI_HandleThreshold	32	static
../Service/Src/CliServices.c:539:13:CLI_HandleUart	32	static
../Service/Src/CliServices.c:567:13:CLI_HandleLog	24	static
../Service/Src/CliServices.c:634:13:CLI_HandleTask	32	static
../Service/Src/CliServices.c:676:13:CLI_PrintSystemErrorSnapshot	48	static
../Service/Src/CliServices.c:698:13:CLI_HandleError	16	static
../Service/Src/CliServices.c:738:13:CLI_HandleMonitor	96	static
