../App/Src/SensorHealthService.c:28:17:SensorHealth_GetTickSafe	8	static
../App/Src/SensorHealthService.c:46:6:SensorHealth_Init	4	static
../App/Src/SensorHealthService.c:65:6:SensorHealth_SetState	16	static
../App/Src/SensorHealthService.c:80:6:SensorHealth_ReportSuccess	8	static
../App/Src/SensorHealthService.c:101:6:SensorHealth_ReportError	16	static
../App/Src/SensorHealthService.c:119:6:SensorHealth_ReportRetry	4	static
../App/Src/SensorHealthService.c:135:6:SensorHealth_SetOffline	4	static
../App/Src/SensorHealthService.c:147:10:SensorHealth_GetConsecutiveErrorCount	4	static
../App/Src/SensorHealthService.c:163:6:SensorHealth_GetSnapshot	16	static
../App/Src/SensorHealthService.c:187:13:SensorHealth_StateToString	16	static
../App/Src/SensorHealthService.c:218:13:SensorHealth_ErrorToString	16	static
