../VL53L1X ToF/Src/VL53L1X_api.c:158:15:VL53L1X_GetSWVersion	24	static
../VL53L1X ToF/Src/VL53L1X_api.c:169:15:VL53L1X_SetI2CAddress	24	static
../VL53L1X ToF/Src/VL53L1X_api.c:177:15:VL53L1X_SensorInit	24	static
../VL53L1X ToF/Src/VL53L1X_api.c:213:15:VL53L1X_ClearInterrupt	24	static
../VL53L1X ToF/Src/VL53L1X_api.c:221:15:VL53L1X_SetInterruptPolarity	24	static
../VL53L1X ToF/Src/VL53L1X_api.c:232:15:VL53L1X_GetInterruptPolarity	24	static
../VL53L1X ToF/Src/VL53L1X_api.c:243:15:VL53L1X_StartRanging	24	static
../VL53L1X ToF/Src/VL53L1X_api.c:251:15:VL53L1X_StopRanging	24	static
../VL53L1X ToF/Src/VL53L1X_api.c:259:15:VL53L1X_CheckForDataReady	24	static
../VL53L1X ToF/Src/VL53L1X_api.c:278:15:VL53L1X_SetTimingBudgetInMs	24	static
../VL53L1X ToF/Src/VL53L1X_api.c:359:15:VL53L1X_GetTimingBudgetInMs	24	static
../VL53L1X ToF/Src/VL53L1X_api.c:401:15:VL53L1X_SetDistanceMode	24	static
../VL53L1X ToF/Src/VL53L1X_api.c:437:15:VL53L1X_GetDistanceMode	24	static
../VL53L1X ToF/Src/VL53L1X_api.c:449:15:VL53L1X_SetInterMeasurementInMs	24	static
../VL53L1X ToF/Src/VL53L1X_api.c:461:15:VL53L1X_GetInterMeasurementInMs	24	static
../VL53L1X ToF/Src/VL53L1X_api.c:475:15:VL53L1X_BootState	24	static
../VL53L1X ToF/Src/VL53L1X_api.c:485:15:VL53L1X_GetSensorId	24	static
../VL53L1X ToF/Src/VL53L1X_api.c:495:15:VL53L1X_GetDistance	24	static
../VL53L1X ToF/Src/VL53L1X_api.c:506:15:VL53L1X_GetSignalPerSpad	24	static
../VL53L1X ToF/Src/VL53L1X_api.c:519:15:VL53L1X_GetAmbientPerSpad	24	static
../VL53L1X ToF/Src/VL53L1X_api.c:530:15:VL53L1X_GetSignalRate	24	static
../VL53L1X ToF/Src/VL53L1X_api.c:541:15:VL53L1X_GetSpadNb	24	static
../VL53L1X ToF/Src/VL53L1X_api.c:552:15:VL53L1X_GetAmbientRate	24	static
../VL53L1X ToF/Src/VL53L1X_api.c:562:15:VL53L1X_GetRangeStatus	24	static
../VL53L1X ToF/Src/VL53L1X_api.c:575:15:VL53L1X_GetResult	40	static
../VL53L1X ToF/Src/VL53L1X_api.c:594:15:VL53L1X_SetOffset	24	static
../VL53L1X ToF/Src/VL53L1X_api.c:606:15:VL53L1X_GetOffset	24	static
../VL53L1X ToF/Src/VL53L1X_api.c:624:15:VL53L1X_SetXtalk	24	static
../VL53L1X ToF/Src/VL53L1X_api.c:636:15:VL53L1X_GetXtalk	24	static
../VL53L1X ToF/Src/VL53L1X_api.c:645:15:VL53L1X_SetDistanceThreshold	32	static
../VL53L1X ToF/Src/VL53L1X_api.c:666:15:VL53L1X_GetDistanceThresholdWindow	24	static
../VL53L1X ToF/Src/VL53L1X_api.c:675:15:VL53L1X_GetDistanceThresholdLow	24	static
../VL53L1X ToF/Src/VL53L1X_api.c:685:15:VL53L1X_GetDistanceThresholdHigh	24	static
../VL53L1X ToF/Src/VL53L1X_api.c:695:15:VL53L1X_SetROICenter	24	static
../VL53L1X ToF/Src/VL53L1X_api.c:702:15:VL53L1X_GetROICenter	24	static
../VL53L1X ToF/Src/VL53L1X_api.c:711:15:VL53L1X_SetROI	24	static
../VL53L1X ToF/Src/VL53L1X_api.c:730:15:VL53L1X_GetROI_XY	32	static
../VL53L1X ToF/Src/VL53L1X_api.c:741:15:VL53L1X_SetSignalThreshold	24	static
../VL53L1X ToF/Src/VL53L1X_api.c:749:15:VL53L1X_GetSignalThreshold	24	static
../VL53L1X ToF/Src/VL53L1X_api.c:760:15:VL53L1X_SetSigmaThreshold	24	static
../VL53L1X ToF/Src/VL53L1X_api.c:773:15:VL53L1X_GetSigmaThreshold	24	static
../VL53L1X ToF/Src/VL53L1X_api.c:784:15:VL53L1X_StartTemperatureUpdate	24	static
